20:53:01 **** Incremental Build of configuration Debug for project First_Program ****
make -j4 all 
arm-none-eabi-gcc "../Src/main.c" -mcpu=cortex-m4 -std=gnu11 -g3 -DDEBUG -DSTM32 -DSTM32F4 -DSTM32F446RETx -DNUCLEO_F446RE -c -I../Inc -O0 -ffunction-sections -fdata-sections -Wall -fstack-usage -fcyclomatic-complexity -MMD -MP -MF"Src/main.d" -MT"Src/main.o" --specs=nano.specs -mfloat-abi=soft -mthumb -o "Src/main.o"
arm-none-eabi-gcc -o "First_Program.elf" @"objects.list"   -mcpu=cortex-m4 -T"C:\Users\HP\Desktop\STM32 Code\First_Program\STM32F446RETX_FLASH.ld" --specs=nosys.specs -Wl,-Map="First_Program.map" -Wl,--gc-sections -static --specs=nano.specs -mfloat-abi=soft -mthumb -Wl,--start-group -lc -lm -Wl,--end-group
Finished building target: First_Program.elf
 
arm-none-eabi-size  First_Program.elf 
arm-none-eabi-objdump -h -S First_Program.elf  > "First_Program.list"
   text	   data	    bss	    dec	    hex	filename
   3468	     92	   1900	   5460	   1554	First_Program.elf
Finished building: default.size.stdout
 
Finished building: First_Program.list
 

20:53:02 Build Finished. 0 errors, 0 warnings. (took 1s.23ms)

