12:08:41 **** Build of configuration Debug for project DriverDev ****
make -j4 all 
arm-none-eabi-gcc -mcpu=cortex-m4 -g3 -DDEBUG -c -I"C:/Users/HP/Documents/C Programming/STM32/Assignment/DriverDev/Drivers/Inc" -I"C:/Users/HP/Documents/C Programming/STM32/Assignment/DriverDev/Drivers/Src" -x assembler-with-cpp -MMD -MP -MF"Startup/startup_stm32f446retx.d" -MT"Startup/startup_stm32f446retx.o" --specs=nano.specs -mfloat-abi=soft -mthumb -o "Startup/startup_stm32f446retx.o" "../Startup/startup_stm32f446retx.s"
arm-none-eabi-gcc "../Src/Gpio_Toggle.c" -mcpu=cortex-m4 -std=gnu11 -g3 -DDEBUG -DSTM32 -DSTM32F4 -DSTM32F446RETx -DNUCLEO_F446RE -c -I../Inc -I"C:/Users/HP/Documents/C Programming/STM32/Assignment/DriverDev/Drivers/Inc" -O0 -ffunction-sections -fdata-sections -Wall -fstack-usage -fcyclomatic-complexity -MMD -MP -MF"Src/Gpio_Toggle.d" -MT"Src/Gpio_Toggle.o" --specs=nano.specs -mfloat-abi=soft -mthumb -o "Src/Gpio_Toggle.o"
arm-none-eabi-gcc "../Src/main.c" -mcpu=cortex-m4 -std=gnu11 -g3 -DDEBUG -DSTM32 -DSTM32F4 -DSTM32F446RETx -DNUCLEO_F446RE -c -I../Inc -I"C:/Users/HP/Documents/C Programming/STM32/Assignment/DriverDev/Drivers/Inc" -O0 -ffunction-sections -fdata-sections -Wall -fstack-usage -fcyclomatic-complexity -MMD -MP -MF"Src/main.d" -MT"Src/main.o" --specs=nano.specs -mfloat-abi=soft -mthumb -o "Src/main.o"
arm-none-eabi-gcc "../Src/syscalls.c" -mcpu=cortex-m4 -std=gnu11 -g3 -DDEBUG -DSTM32 -DSTM32F4 -DSTM32F446RETx -DNUCLEO_F446RE -c -I../Inc -I"C:/Users/HP/Documents/C Programming/STM32/Assignment/DriverDev/Drivers/Inc" -O0 -ffunction-sections -fdata-sections -Wall -fstack-usage -fcyclomatic-complexity -MMD -MP -MF"Src/syscalls.d" -MT"Src/syscalls.o" --specs=nano.specs -mfloat-abi=soft -mthumb -o "Src/syscalls.o"
arm-none-eabi-gcc "../Src/sysmem.c" -mcpu=cortex-m4 -std=gnu11 -g3 -DDEBUG -DSTM32 -DSTM32F4 -DSTM32F446RETx -DNUCLEO_F446RE -c -I../Inc -I"C:/Users/HP/Documents/C Programming/STM32/Assignment/DriverDev/Drivers/Inc" -O0 -ffunction-sections -fdata-sections -Wall -fstack-usage -fcyclomatic-complexity -MMD -MP -MF"Src/sysmem.d" -MT"Src/sysmem.o" --specs=nano.specs -mfloat-abi=soft -mthumb -o "Src/sysmem.o"
arm-none-eabi-gcc "../Drivers/Src/stm32f446xx_gpio_driver.c" -mcpu=cortex-m4 -std=gnu11 -g3 -DDEBUG -DSTM32 -DSTM32F4 -DSTM32F446RETx -DNUCLEO_F446RE -c -I../Inc -I"C:/Users/HP/Documents/C Programming/STM32/Assignment/DriverDev/Drivers/Inc" -O0 -ffunction-sections -fdata-sections -Wall -fstack-usage -fcyclomatic-complexity -MMD -MP -MF"Drivers/Src/stm32f446xx_gpio_driver.d" -MT"Drivers/Src/stm32f446xx_gpio_driver.o" --specs=nano.specs -mfloat-abi=soft -mthumb -o "Drivers/Src/stm32f446xx_gpio_driver.o"
arm-none-eabi-gcc "../Drivers/Src/stm32f446xx_i2c_driver.c" -mcpu=cortex-m4 -std=gnu11 -g3 -DDEBUG -DSTM32 -DSTM32F4 -DSTM32F446RETx -DNUCLEO_F446RE -c -I../Inc -I"C:/Users/HP/Documents/C Programming/STM32/Assignment/DriverDev/Drivers/Inc" -O0 -ffunction-sections -fdata-sections -Wall -fstack-usage -fcyclomatic-complexity -MMD -MP -MF"Drivers/Src/stm32f446xx_i2c_driver.d" -MT"Drivers/Src/stm32f446xx_i2c_driver.o" --specs=nano.specs -mfloat-abi=soft -mthumb -o "Drivers/Src/stm32f446xx_i2c_driver.o"
arm-none-eabi-gcc "../Drivers/Src/stm32f446xx_spi_driver.c" -mcpu=cortex-m4 -std=gnu11 -g3 -DDEBUG -DSTM32 -DSTM32F4 -DSTM32F446RETx -DNUCLEO_F446RE -c -I../Inc -I"C:/Users/HP/Documents/C Programming/STM32/Assignment/DriverDev/Drivers/Inc" -O0 -ffunction-sections -fdata-sections -Wall -fstack-usage -fcyclomatic-complexity -MMD -MP -MF"Drivers/Src/stm32f446xx_spi_driver.d" -MT"Drivers/Src/stm32f446xx_spi_driver.o" --specs=nano.specs -mfloat-abi=soft -mthumb -o "Drivers/Src/stm32f446xx_spi_driver.o"
arm-none-eabi-gcc -o "DriverDev.elf" @"objects.list"   -mcpu=cortex-m4 -T"C:\Users\HP\Documents\C Programming\STM32\Assignment\DriverDev\STM32F446RETX_FLASH.ld" --specs=nosys.specs -Wl,-Map="DriverDev.map" -Wl,--gc-sections -static --specs=nano.specs -mfloat-abi=soft -mthumb -Wl,--start-group -lc -lm -Wl,--end-group
Finished building target: DriverDev.elf
 
arm-none-eabi-size  DriverDev.elf 
arm-none-eabi-objdump -h -S DriverDev.elf  > "DriverDev.list"
   text	   data	    bss	    dec	    hex	filename
   2188	      0	   1568	   3756	    eac	DriverDev.elf
Finished building: default.size.stdout
 
Finished building: DriverDev.list
 
12:08:51 **** Incremental Build of configuration Debug for project DriverDev ****
make -j4 all 
arm-none-eabi-size  DriverDev.elf 
   text	   data	    bss	    dec	    hex	filename
   2188	      0	   1568	   3756	    eac	DriverDev.elf
Finished building: default.size.stdout
 
