20:54:16 **** Build of configuration Debug for project Two_LED_Program ****
make -j4 all 
arm-none-eabi-gcc -mcpu=cortex-m4 -g3 -DDEBUG -c -x assembler-with-cpp -MMD -MP -MF"Startup/startup_stm32f446retx.d" -MT"Startup/startup_stm32f446retx.o" --specs=nano.specs -mfloat-abi=soft -mthumb -o "Startup/startup_stm32f446retx.o" "../Startup/startup_stm32f446retx.s"
arm-none-eabi-gcc "../Src/Gpio_Led.c" -mcpu=cortex-m4 -std=gnu11 -g3 -DDEBUG -DSTM32 -DSTM32F4 -DSTM32F446RETx -DNUCLEO_F446RE -c -I../Inc -I"C:/Users/HP/Documents/C Programming/STM32/Assignment/Two_LED_Program/Drivers/Inc" -I"C:/Users/HP/Documents/C Programming/STM32/Assignment/Two_LED_Program/Drivers/Src" -O0 -ffunction-sections -fdata-sections -Wall -fstack-usage -fcyclomatic-complexity -MMD -MP -MF"Src/Gpio_Led.d" -MT"Src/Gpio_Led.o" --specs=nano.specs -mfloat-abi=soft -mthumb -o "Src/Gpio_Led.o"
arm-none-eabi-gcc "../Src/main.c" -mcpu=cortex-m4 -std=gnu11 -g3 -DDEBUG -DSTM32 -DSTM32F4 -DSTM32F446RETx -DNUCLEO_F446RE -c -I../Inc -I"C:/Users/HP/Documents/C Programming/STM32/Assignment/Two_LED_Program/Drivers/Inc" -I"C:/Users/HP/Documents/C Programming/STM32/Assignment/Two_LED_Program/Drivers/Src" -O0 -ffunction-sections -fdata-sections -Wall -fstack-usage -fcyclomatic-complexity -MMD -MP -MF"Src/main.d" -MT"Src/main.o" --specs=nano.specs -mfloat-abi=soft -mthumb -o "Src/main.o"
arm-none-eabi-gcc "../Src/syscalls.c" -mcpu=cortex-m4 -std=gnu11 -g3 -DDEBUG -DSTM32 -DSTM32F4 -DSTM32F446RETx -DNUCLEO_F446RE -c -I../Inc -I"C:/Users/HP/Documents/C Programming/STM32/Assignment/Two_LED_Program/Drivers/Inc" -I"C:/Users/HP/Documents/C Programming/STM32/Assignment/Two_LED_Program/Drivers/Src" -O0 -ffunction-sections -fdata-sections -Wall -fstack-usage -fcyclomatic-complexity -MMD -MP -MF"Src/syscalls.d" -MT"Src/syscalls.o" --specs=nano.specs -mfloat-abi=soft -mthumb -o "Src/syscalls.o"
arm-none-eabi-gcc "../Src/sysmem.c" -mcpu=cortex-m4 -std=gnu11 -g3 -DDEBUG -DSTM32 -DSTM32F4 -DSTM32F446RETx -DNUCLEO_F446RE -c -I../Inc -I"C:/Users/HP/Documents/C Programming/STM32/Assignment/Two_LED_Program/Drivers/Inc" -I"C:/Users/HP/Documents/C Programming/STM32/Assignment/Two_LED_Program/Drivers/Src" -O0 -ffunction-sections -fdata-sections -Wall -fstack-usage -fcyclomatic-complexity -MMD -MP -MF"Src/sysmem.d" -MT"Src/sysmem.o" --specs=nano.specs -mfloat-abi=soft -mthumb -o "Src/sysmem.o"
arm-none-eabi-gcc "../Drivers/Src/stm32f446xx_gpio_driver.c" -mcpu=cortex-m4 -std=gnu11 -g3 -DDEBUG -DSTM32 -DSTM32F4 -DSTM32F446RETx -DNUCLEO_F446RE -c -I../Inc -I"C:/Users/HP/Documents/C Programming/STM32/Assignment/Two_LED_Program/Drivers/Inc" -I"C:/Users/HP/Documents/C Programming/STM32/Assignment/Two_LED_Program/Drivers/Src" -O0 -ffunction-sections -fdata-sections -Wall -fstack-usage -fcyclomatic-complexity -MMD -MP -MF"Drivers/Src/stm32f446xx_gpio_driver.d" -MT"Drivers/Src/stm32f446xx_gpio_driver.o" --specs=nano.specs -mfloat-abi=soft -mthumb -o "Drivers/Src/stm32f446xx_gpio_driver.o"
arm-none-eabi-gcc "../Drivers/Src/stm32f446xx_i2c_driver.c" -mcpu=cortex-m4 -std=gnu11 -g3 -DDEBUG -DSTM32 -DSTM32F4 -DSTM32F446RETx -DNUCLEO_F446RE -c -I../Inc -I"C:/Users/HP/Documents/C Programming/STM32/Assignment/Two_LED_Program/Drivers/Inc" -I"C:/Users/HP/Documents/C Programming/STM32/Assignment/Two_LED_Program/Drivers/Src" -O0 -ffunction-sections -fdata-sections -Wall -fstack-usage -fcyclomatic-complexity -MMD -MP -MF"Drivers/Src/stm32f446xx_i2c_driver.d" -MT"Drivers/Src/stm32f446xx_i2c_driver.o" --specs=nano.specs -mfloat-abi=soft -mthumb -o "Drivers/Src/stm32f446xx_i2c_driver.o"
arm-none-eabi-gcc "../Drivers/Src/stm32f446xx_spi_driver.c" -mcpu=cortex-m4 -std=gnu11 -g3 -DDEBUG -DSTM32 -DSTM32F4 -DSTM32F446RETx -DNUCLEO_F446RE -c -I../Inc -I"C:/Users/HP/Documents/C Programming/STM32/Assignment/Two_LED_Program/Drivers/Inc" -I"C:/Users/HP/Documents/C Programming/STM32/Assignment/Two_LED_Program/Drivers/Src" -O0 -ffunction-sections -fdata-sections -Wall -fstack-usage -fcyclomatic-complexity -MMD -MP -MF"Drivers/Src/stm32f446xx_spi_driver.d" -MT"Drivers/Src/stm32f446xx_spi_driver.o" --specs=nano.specs -mfloat-abi=soft -mthumb -o "Drivers/Src/stm32f446xx_spi_driver.o"
arm-none-eabi-gcc -o "Two_LED_Program.elf" @"objects.list"   -mcpu=cortex-m4 -T"C:\Users\HP\Documents\C Programming\STM32\Assignment\Two_LED_Program\STM32F446RETX_FLASH.ld" --specs=nosys.specs -Wl,-Map="Two_LED_Program.map" -Wl,--gc-sections -static --specs=nano.specs -mfloat-abi=soft -mthumb -Wl,--start-group -lc -lm -Wl,--end-group
Finished building target: Two_LED_Program.elf
 
arm-none-eabi-size  Two_LED_Program.elf 
arm-none-eabi-objdump -h -S Two_LED_Program.elf  > "Two_LED_Program.list"
   text	   data	    bss	    dec	    hex	filename
   2184	      0	   1568	   3752	    ea8	Two_LED_Program.elf
Finished building: default.size.stdout
 
Finished building: Two_LED_Program.list
 
20:54:22 **** Incremental Build of configuration Debug for project Two_LED_Program ****
make -j4 all 
arm-none-eabi-size  Two_LED_Program.elf 
   text	   data	    bss	    dec	    hex	filename
   2184	      0	   1568	   3752	    ea8	Two_LED_Program.elf
Finished building: default.size.stdout
 
