19:41:33 **** Incremental Build of configuration Debug for project Power_Aware_Interrupt_System _Mini Project ****
make -j4 all 
arm-none-eabi-size  Power_Aware_Interrupt_System\ _Mini\ Project.elf 
   text	   data	    bss	    dec	    hex	filename
  21376	    476	   1996	  23848	   5d28	Power_Aware_Interrupt_System _Mini Project.elf
Finished building: default.size.stdout
 
19:41:42 **** Incremental Build of configuration Debug for project Power_Aware_Interrupt_System _Mini Project ****
make -j4 all 
arm-none-eabi-size  Power_Aware_Interrupt_System\ _Mini\ Project.elf 
   text	   data	    bss	    dec	    hex	filename
  21376	    476	   1996	  23848	   5d28	Power_Aware_Interrupt_System _Mini Project.elf
Finished building: default.size.stdout
 
