../Src/ssd1306.c:48:6:SSD1306_ScrollRight	16	static
../Src/ssd1306.c:61:6:SSD1306_ScrollLeft	16	static
../Src/ssd1306.c:74:6:SSD1306_Scrolldiagright	16	static
../Src/ssd1306.c:90:6:SSD1306_Scrolldiagleft	16	static
../Src/ssd1306.c:106:6:SSD1306_Stopscroll	8	static
../Src/ssd1306.c:113:6:SSD1306_InvertDisplay	16	static
../Src/ssd1306.c:122:6:SSD1306_DrawBitmap	32	static
../Src/ssd1306.c:152:9:SSD1306_Init	16	static
../Src/ssd1306.c:212:6:SSD1306_UpdateScreen	16	static
../Src/ssd1306.c:225:6:SSD1306_ToggleInvert	16	static
../Src/ssd1306.c:237:6:SSD1306_Fill	16	static
../Src/ssd1306.c:242:6:SSD1306_DrawPixel	16	static
../Src/ssd1306.c:264:6:SSD1306_GotoXY	16	static
../Src/ssd1306.c:270:6:SSD1306_Putc	32	static
../Src/ssd1306.c:301:6:SSD1306_Puts	24	static
../Src/ssd1306.c:319:6:SSD1306_DrawLine	40	static
../Src/ssd1306.c:403:6:SSD1306_DrawRectangle	32	static
../Src/ssd1306.c:428:6:SSD1306_DrawFilledRectangle	40	static
../Src/ssd1306.c:455:6:SSD1306_DrawTriangle	32	static
../Src/ssd1306.c:463:6:SSD1306_DrawFilledTriangle	64	static
../Src/ssd1306.c:519:6:SSD1306_DrawCircle	40	static
../Src/ssd1306.c:553:6:SSD1306_DrawFilledCircle	48	static
../Src/ssd1306.c:586:6:SSD1306_Clear	8	static
../Src/ssd1306.c:591:6:SSD1306_ON	8	static
../Src/ssd1306.c:596:6:SSD1306_OFF	8	static
../Src/ssd1306.c:612:6:ssd1306_I2C_Init	4	static
../Src/ssd1306.c:616:6:ssd1306_I2C_WriteMulti	160	static
../Src/ssd1306.c:637:6:ssd1306_I2C_Write	32	static
