Archive member included to satisfy reference by file (symbol)

C:/ST/STM32CubeIDE_2.0.0/STM32CubeIDE/plugins/com.st.stm32cube.ide.mcu.externaltools.gnu-tools-for-stm32.13.3.rel1.win32_1.0.100.202509120712/tools/bin/../lib/gcc/arm-none-eabi/13.3.1/../../../../arm-none-eabi/lib/thumb/v7e-m+fp/hard\libc_nano.a(libc_a-exit.o)
                              C:/ST/STM32CubeIDE_2.0.0/STM32CubeIDE/plugins/com.st.stm32cube.ide.mcu.externaltools.gnu-tools-for-stm32.13.3.rel1.win32_1.0.100.202509120712/tools/bin/../lib/gcc/arm-none-eabi/13.3.1/../../../../arm-none-eabi/lib/thumb/v7e-m+fp/hard/crt0.o (exit)
C:/ST/STM32CubeIDE_2.0.0/STM32CubeIDE/plugins/com.st.stm32cube.ide.mcu.externaltools.gnu-tools-for-stm32.13.3.rel1.win32_1.0.100.202509120712/tools/bin/../lib/gcc/arm-none-eabi/13.3.1/../../../../arm-none-eabi/lib/thumb/v7e-m+fp/hard\libc_nano.a(libc_a-findfp.o)
                              C:/ST/STM32CubeIDE_2.0.0/STM32CubeIDE/plugins/com.st.stm32cube.ide.mcu.externaltools.gnu-tools-for-stm32.13.3.rel1.win32_1.0.100.202509120712/tools/bin/../lib/gcc/arm-none-eabi/13.3.1/../../../../arm-none-eabi/lib/thumb/v7e-m+fp/hard\libc_nano.a(libc_a-exit.o) (__stdio_exit_handler)
C:/ST/STM32CubeIDE_2.0.0/STM32CubeIDE/plugins/com.st.stm32cube.ide.mcu.externaltools.gnu-tools-for-stm32.13.3.rel1.win32_1.0.100.202509120712/tools/bin/../lib/gcc/arm-none-eabi/13.3.1/../../../../arm-none-eabi/lib/thumb/v7e-m+fp/hard\libc_nano.a(libc_a-fwalk.o)
                              C:/ST/STM32CubeIDE_2.0.0/STM32CubeIDE/plugins/com.st.stm32cube.ide.mcu.externaltools.gnu-tools-for-stm32.13.3.rel1.win32_1.0.100.202509120712/tools/bin/../lib/gcc/arm-none-eabi/13.3.1/../../../../arm-none-eabi/lib/thumb/v7e-m+fp/hard\libc_nano.a(libc_a-findfp.o) (_fwalk_sglue)
C:/ST/STM32CubeIDE_2.0.0/STM32CubeIDE/plugins/com.st.stm32cube.ide.mcu.externaltools.gnu-tools-for-stm32.13.3.rel1.win32_1.0.100.202509120712/tools/bin/../lib/gcc/arm-none-eabi/13.3.1/../../../../arm-none-eabi/lib/thumb/v7e-m+fp/hard\libc_nano.a(libc_a-puts.o)
                              ./Core/Src/main.o (puts)
C:/ST/STM32CubeIDE_2.0.0/STM32CubeIDE/plugins/com.st.stm32cube.ide.mcu.externaltools.gnu-tools-for-stm32.13.3.rel1.win32_1.0.100.202509120712/tools/bin/../lib/gcc/arm-none-eabi/13.3.1/../../../../arm-none-eabi/lib/thumb/v7e-m+fp/hard\libc_nano.a(libc_a-stdio.o)
                              C:/ST/STM32CubeIDE_2.0.0/STM32CubeIDE/plugins/com.st.stm32cube.ide.mcu.externaltools.gnu-tools-for-stm32.13.3.rel1.win32_1.0.100.202509120712/tools/bin/../lib/gcc/arm-none-eabi/13.3.1/../../../../arm-none-eabi/lib/thumb/v7e-m+fp/hard\libc_nano.a(libc_a-findfp.o) (__sread)
C:/ST/STM32CubeIDE_2.0.0/STM32CubeIDE/plugins/com.st.stm32cube.ide.mcu.externaltools.gnu-tools-for-stm32.13.3.rel1.win32_1.0.100.202509120712/tools/bin/../lib/gcc/arm-none-eabi/13.3.1/../../../../arm-none-eabi/lib/thumb/v7e-m+fp/hard\libc_nano.a(libc_a-wbuf.o)
                              C:/ST/STM32CubeIDE_2.0.0/STM32CubeIDE/plugins/com.st.stm32cube.ide.mcu.externaltools.gnu-tools-for-stm32.13.3.rel1.win32_1.0.100.202509120712/tools/bin/../lib/gcc/arm-none-eabi/13.3.1/../../../../arm-none-eabi/lib/thumb/v7e-m+fp/hard\libc_nano.a(libc_a-puts.o) (__swbuf_r)
C:/ST/STM32CubeIDE_2.0.0/STM32CubeIDE/plugins/com.st.stm32cube.ide.mcu.externaltools.gnu-tools-for-stm32.13.3.rel1.win32_1.0.100.202509120712/tools/bin/../lib/gcc/arm-none-eabi/13.3.1/../../../../arm-none-eabi/lib/thumb/v7e-m+fp/hard\libc_nano.a(libc_a-wsetup.o)
                              C:/ST/STM32CubeIDE_2.0.0/STM32CubeIDE/plugins/com.st.stm32cube.ide.mcu.externaltools.gnu-tools-for-stm32.13.3.rel1.win32_1.0.100.202509120712/tools/bin/../lib/gcc/arm-none-eabi/13.3.1/../../../../arm-none-eabi/lib/thumb/v7e-m+fp/hard\libc_nano.a(libc_a-puts.o) (__swsetup_r)
C:/ST/STM32CubeIDE_2.0.0/STM32CubeIDE/plugins/com.st.stm32cube.ide.mcu.externaltools.gnu-tools-for-stm32.13.3.rel1.win32_1.0.100.202509120712/tools/bin/../lib/gcc/arm-none-eabi/13.3.1/../../../../arm-none-eabi/lib/thumb/v7e-m+fp/hard\libc_nano.a(libc_a-memset.o)
                              C:/ST/STM32CubeIDE_2.0.0/STM32CubeIDE/plugins/com.st.stm32cube.ide.mcu.externaltools.gnu-tools-for-stm32.13.3.rel1.win32_1.0.100.202509120712/tools/bin/../lib/gcc/arm-none-eabi/13.3.1/../../../../arm-none-eabi/lib/thumb/v7e-m+fp/hard/crt0.o (memset)
C:/ST/STM32CubeIDE_2.0.0/STM32CubeIDE/plugins/com.st.stm32cube.ide.mcu.externaltools.gnu-tools-for-stm32.13.3.rel1.win32_1.0.100.202509120712/tools/bin/../lib/gcc/arm-none-eabi/13.3.1/../../../../arm-none-eabi/lib/thumb/v7e-m+fp/hard\libc_nano.a(libc_a-closer.o)
                              C:/ST/STM32CubeIDE_2.0.0/STM32CubeIDE/plugins/com.st.stm32cube.ide.mcu.externaltools.gnu-tools-for-stm32.13.3.rel1.win32_1.0.100.202509120712/tools/bin/../lib/gcc/arm-none-eabi/13.3.1/../../../../arm-none-eabi/lib/thumb/v7e-m+fp/hard\libc_nano.a(libc_a-stdio.o) (_close_r)
[...]
Memory Configuration

Name             Origin             Length             Attributes
RAM              0x20000000         0x00020000         xrw
FLASH            0x08000000         0x00080000         xr
*default*        0x00000000         0xffffffff

Linker script and memory map

LOAD C:/ST/STM32CubeIDE_2.0.0/STM32CubeIDE/plugins/com.st.stm32cube.ide.mcu.externaltools.gnu-tools-for-stm32.13.3.rel1.win32_1.0.100.202509120712/tools/bin/../lib/gcc/arm-none-eabi/13.3.1/thumb/v7e-m+fp/hard/crti.o
LOAD C:/ST/STM32CubeIDE_2.0.0/STM32CubeIDE/plugins/com.st.stm32cube.ide.mcu.externaltools.gnu-tools-for-stm32.13.3.rel1.win32_1.0.100.202509120712/tools/bin/../lib/gcc/arm-none-eabi/13.3.1/thumb/v7e-m+fp/hard/crtbegin.o
LOAD C:/ST/STM32CubeIDE_2.0.0/STM32CubeIDE/plugins/com.st.stm32cube.ide.mcu.externaltools.gnu-tools-for-stm32.13.3.rel1.win32_1.0.100.202509120712/tools/bin/../lib/gcc/arm-none-eabi/13.3.1/../../../../arm-none-eabi/lib/thumb/v7e-m+fp/hard/crt0.o
LOAD ./Core/Src/main.o
LOAD ./Core/Src/stm32f4xx_hal_msp.o
LOAD ./Core/Src/stm32f4xx_hal_timebase_tim.o
LOAD ./Core/Src/stm32f4xx_it.o
LOAD ./Core/Src/syscalls.o
LOAD ./Core/Src/sysmem.o
LOAD ./Core/Src/system_stm32f4xx.o
LOAD ./Core/Startup/startup_stm32f446retx.o
LOAD ./Drivers/STM32F4xx_HAL_Driver/Src/stm32f4xx_hal.o
LOAD ./Drivers/STM32F4xx_HAL_Driver/Src/stm32f4xx_hal_cortex.o
LOAD ./Drivers/STM32F4xx_HAL_Driver/Src/stm32f4xx_hal_dma.o
LOAD ./Drivers/STM32F4xx_HAL_Driver/Src/stm32f4xx_hal_dma_ex.o
LOAD ./Drivers/STM32F4xx_HAL_Driver/Src/stm32f4xx_hal_exti.o
LOAD ./Drivers/STM32F4xx_HAL_Driver/Src/stm32f4xx_hal_flash.o
LOAD ./Drivers/STM32F4xx_HAL_Driver/Src/stm32f4xx_hal_flash_ex.o
LOAD ./Drivers/STM32F4xx_HAL_Driver/Src/stm32f4xx_hal_flash_ramfunc.o
LOAD ./Drivers/STM32F4xx_HAL_Driver/Src/stm32f4xx_hal_gpio.o
LOAD ./Drivers/STM32F4xx_HAL_Driver/Src/stm32f4xx_hal_pwr.o
LOAD ./Drivers/STM32F4xx_HAL_Driver/Src/stm32f4xx_hal_pwr_ex.o
LOAD ./Drivers/STM32F4xx_HAL_Driver/Src/stm32f4xx_hal_rcc.o
LOAD ./Drivers/STM32F4xx_HAL_Driver/Src/stm32f4xx_hal_rcc_ex.o
LOAD ./Drivers/STM32F4xx_HAL_Driver/Src/stm32f4xx_hal_tim.o
LOAD ./Drivers/STM32F4xx_HAL_Driver/Src/stm32f4xx_hal_tim_ex.o
LOAD ./Drivers/STM32F4xx_HAL_Driver/Src/stm32f4xx_hal_uart.o
LOAD ./ThirdParty/FreeRtos/croutine.o
LOAD ./ThirdParty/FreeRtos/event_groups.o
LOAD ./ThirdParty/FreeRtos/list.o
LOAD ./ThirdParty/FreeRtos/queue.o
LOAD ./ThirdParty/FreeRtos/stream_buffer.o
LOAD ./ThirdParty/FreeRtos/tasks.o
LOAD ./ThirdParty/FreeRtos/timers.o
LOAD ./ThirdParty/FreeRtos/portable/GCC/ARM_CM4F/port.o
LOAD ./ThirdParty/FreeRtos/portable/MemMang/heap_4.o
START GROUP
LOAD C:/ST/STM32CubeIDE_2.0.0/STM32CubeIDE/plugins/com.st.stm32cube.ide.mcu.externaltools.gnu-tools-for-stm32.13.3.rel1.win32_1.0.100.202509120712/tools/bin/../lib/gcc/arm-none-eabi/13.3.1/../../../../arm-none-eabi/lib/thumb/v7e-m+fp/hard\libc_nano.a
LOAD C:/ST/STM32CubeIDE_2.0.0/STM32CubeIDE/plugins/com.st.stm32cube.ide.mcu.externaltools.gnu-tools-for-stm32.13.3.rel1.win32_1.0.100.202509120712/tools/bin/../lib/gcc/arm-none-eabi/13.3.1/../../../../arm-none-eabi/lib/thumb/v7e-m+fp/hard\libm.a
END GROUP
START GROUP
LOAD C:/ST/STM32CubeIDE_2.0.0/STM32CubeIDE/plugins/com.st.stm32cube.ide.mcu.externaltools.gnu-tools-for-stm32.13.3.rel1.win32_1.0.100.202509120712/tools/bin/../lib/gcc/arm-none-eabi/13.3.1/thumb/v7e-m+fp/hard\libgcc.a
LOAD C:/ST/STM32CubeIDE_2.0.0/STM32CubeIDE/plugins/com.st.stm32cube.ide.mcu.externaltools.gnu-tools-for-stm32.13.3.rel1.win32_1.0.100.202509120712/tools/bin/../lib/gcc/arm-none-eabi/13.3.1/../../../../arm-none-eabi/lib/thumb/v7e-m+fp/hard\libc_nano.a
END GROUP
START GROUP
LOAD C:/ST/STM32CubeIDE_2.0.0/STM32CubeIDE/plugins/com.st.stm32cube.ide.mcu.externaltools.gnu-tools-for-stm32.13.3.rel1.win32_1.0.100.202509120712/tools/bin/../lib/gcc/arm-none-eabi/13.3.1/thumb/v7e-m+fp/hard\libgcc.a
LOAD C:/ST/STM32CubeIDE_2.0.0/STM32CubeIDE/plugins/com.st.stm32cube.ide.mcu.externaltools.gnu-tools-for-stm32.13.3.rel1.win32_1.0.100.202509120712/tools/bin/../lib/gcc/arm-none-eabi/13.3.1/../../../../arm-none-eabi/lib/thumb/v7e-m+fp/hard\libc_nano.a
LOAD C:/ST/STM32CubeIDE_2.0.0/STM32CubeIDE/plugins/com.st.stm32cube.ide.mcu.externaltools.gnu-tools-for-stm32.13.3.rel1.win32_1.0.100.202509120712/tools/bin/../lib/gcc/arm-none-eabi/13.3.1/../../../../arm-none-eabi/lib/thumb/v7e-m+fp/hard\libnosys.a
END GROUP
START GROUP
LOAD C:/ST/STM32CubeIDE_2.0.0/STM32CubeIDE/plugins/com.st.stm32cube.ide.mcu.externaltools.gnu-tools-for-stm32.13.3.rel1.win32_1.0.100.202509120712/tools/bin/../lib/gcc/arm-none-eabi/13.3.1/thumb/v7e-m+fp/hard\libgcc.a
LOAD C:/ST/STM32CubeIDE_2.0.0/STM32CubeIDE/plugins/com.st.stm32cube.ide.mcu.externaltools.gnu-tools-for-stm32.13.3.rel1.win32_1.0.100.202509120712/tools/bin/../lib/gcc/arm-none-eabi/13.3.1/../../../../arm-none-eabi/lib/thumb/v7e-m+fp/hard\libc_nano.a
LOAD C:/ST/STM32CubeIDE_2.0.0/STM32CubeIDE/plugins/com.st.stm32cube.ide.mcu.externaltools.gnu-tools-for-stm32.13.3.rel1.win32_1.0.100.202509120712/tools/bin/../lib/gcc/arm-none-eabi/13.3.1/../../../../arm-none-eabi/lib/thumb/v7e-m+fp/hard\libnosys.a
END GROUP
LOAD C:/ST/STM32CubeIDE_2.0.0/STM32CubeIDE/plugins/com.st.stm32cube.ide.mcu.externaltools.gnu-tools-for-stm32.13.3.rel1.win32_1.0.100.202509120712/tools/bin/../lib/gcc/arm-none-eabi/13.3.1/thumb/v7e-m+fp/hard/crtend.o
LOAD C:/ST/STM32CubeIDE_2.0.0/STM32CubeIDE/plugins/com.st.stm32cube.ide.mcu.externaltools.gnu-tools-for-stm32.13.3.rel1.win32_1.0.100.202509120712/tools/bin/../lib/gcc/arm-none-eabi/13.3.1/thumb/v7e-m+fp/hard/crtn.o
                0x20020000                        _estack = (ORIGIN (RAM) + LENGTH (RAM))
                0x00000200                        _Min_Heap_Size = 0x200
                0x00000400                        _Min_Stack_Size = 0x400

.isr_vector     0x08000000      0x1c4
                0x08000000                        . = ALIGN (0x4)
 *(.isr_vector)
 .isr_vector    0x08000000      0x1c4 ./Core/Startup/startup_stm32f446retx.o
                0x08000000                g_pfnVectors
                0x080001c4                        . = ALIGN (0x4)

.text           0x080001d0     0x57a0
                0x080001d0                        . = ALIGN (0x4)
 *(.text)
 .text          0x080001d0       0x40 C:/ST/STM32CubeIDE_2.0.0/STM32CubeIDE/plugins/com.st.stm32cube.ide.mcu.externaltools.gnu-tools-for-stm32.13.3.rel1.win32_1.0.100.202509120712/tools/bin/../lib/gcc/arm-none-eabi/13.3.1/thumb/v7e-m+fp/hard/crtbegin.o
 .text          0x08000210       0x30 C:/ST/STM32CubeIDE_2.0.0/STM32CubeIDE/plugins/com.st.stm32cube.ide.mcu.externaltools.gnu-tools-for-stm32.13.3.rel1.win32_1.0.100.202509120712/tools/bin/../lib/gcc/arm-none-eabi/13.3.1/thumb/v7e-m+fp/hard\libgcc.a(_aeabi_uldivmod.o)
                0x08000210                __aeabi_uldivmod
 .text          0x08000240      0x2f8 C:/ST/STM32CubeIDE_2.0.0/STM32CubeIDE/plugins/com.st.stm32cube.ide.mcu.externaltools.gnu-tools-for-stm32.13.3.rel1.win32_1.0.100.202509120712/tools/bin/../lib/gcc/arm-none-eabi/13.3.1/thumb/v7e-m+fp/hard\libgcc.a(_udivmoddi4.o)
                0x08000240                __udivmoddi4
 .text          0x08000538        0x4 C:/ST/STM32CubeIDE_2.0.0/STM32CubeIDE/plugins/com.st.stm32cube.ide.mcu.externaltools.gnu-tools-for-stm32.13.3.rel1.win32_1.0.100.202509120712/tools/bin/../lib/gcc/arm-none-eabi/13.3.1/thumb/v7e-m+fp/hard\libgcc.a(_dvmd_tls.o)
                0x08000538                __aeabi_idiv0
                0x08000538                __aeabi_ldiv0
 *(.text*)
 .text.main     0x0800053c       0xa0 ./Core/Src/main.o
                0x0800053c                main
 .text.SystemClock_Config
                0x080005dc       0xdc ./Core/Src/main.o
                0x080005dc                SystemClock_Config
 .text.MX_USART2_UART_Init
                0x080006b8       0x54 ./Core/Src/main.o
 .text.MX_GPIO_Init
                0x0800070c       0xdc ./Core/Src/main.o
 .text.task1_handler
                0x080007e8       0x10 ./Core/Src/main.o
 .text.task2_handler
                0x080007f8       0x10 ./Core/Src/main.o
 .text.HAL_TIM_PeriodElapsedCallback
                0x08000808       0x24 ./Core/Src/main.o
                0x08000808                HAL_TIM_PeriodElapsedCallback
 .text.Error_Handler
                0x0800082c        0xc ./Core/Src/main.o
                0x0800082c                Error_Handler
 .text.HAL_MspInit
                0x08000838       0x50 ./Core/Src/stm32f4xx_hal_msp.o
                0x08000838                HAL_MspInit
 .text.HAL_UART_MspInit
                0x08000888       0x90 ./Core/Src/stm32f4xx_hal_msp.o
                0x08000888                HAL_UART_MspInit
 .text.HAL_InitTick
                0x08000918       0xf8 ./Core/Src/stm32f4xx_hal_timebase_tim.o
                0x08000918                HAL_InitTick
 .text.NMI_Handler
                0x08000a10        0x8 ./Core/Src/stm32f4xx_it.o
                0x08000a10                NMI_Handler
 .text.HardFault_Handler
                0x08000a18        0x8 ./Core/Src/stm32f4xx_it.o
                0x08000a18                HardFault_Handler
 .text.MemManage_Handler
                0x08000a20        0x8 ./Core/Src/stm32f4xx_it.o
                0x08000a20                MemManage_Handler
 .text.BusFault_Handler
                0x08000a28        0x8 ./Core/Src/stm32f4xx_it.o
                0x08000a28                BusFault_Handler
 .text.UsageFault_Handler
                0x08000a30        0x8 ./Core/Src/stm32f4xx_it.o
                0x08000a30                UsageFault_Handler
 .text.DebugMon_Handler
                0x08000a38        0xe ./Core/Src/stm32f4xx_it.o
                0x08000a38                DebugMon_Handler
 *fill*         0x08000a46        0x2 
 .text.TIM6_DAC_IRQHandler
                0x08000a48       0x14 ./Core/Src/stm32f4xx_it.o
                0x08000a48                TIM6_DAC_IRQHandler
 .text.ITM_SendChar
                0x08000a5c       0x50 ./Core/Src/syscalls.o
                0x08000a5c                ITM_SendChar
 .text._read    0x08000aac       0x3a ./Core/Src/syscalls.o
                0x08000aac                _read
 .text._write   0x08000ae6       0x38 ./Core/Src/syscalls.o
                0x08000ae6                _write
 .text._close   0x08000b1e       0x18 ./Core/Src/syscalls.o
                0x08000b1e                _close
 .text._fstat   0x08000b36       0x20 ./Core/Src/syscalls.o
                0x08000b36                _fstat
 .text._isatty  0x08000b56       0x16 ./Core/Src/syscalls.o
                0x08000b56                _isatty
 .text._lseek   0x08000b6c       0x1a ./Core/Src/syscalls.o
                0x08000b6c                _lseek
 *fill*         0x08000b86        0x2 
 .text._sbrk    0x08000b88       0x6c ./Core/Src/sysmem.o
                0x08000b88                _sbrk
 .text.SystemInit
                0x08000bf4       0x24 ./Core/Src/system_stm32f4xx.o
                0x08000bf4                SystemInit
 .text.Reset_Handler
                0x08000c18       0x50 ./Core/Startup/startup_stm32f446retx.o
                0x08000c18                Reset_Handler
 .text.Default_Handler
                0x08000c68        0x2 ./Core/Startup/startup_stm32f446retx.o
                0x08000c68                RTC_Alarm_IRQHandler
                0x08000c68                EXTI2_IRQHandler
                0x08000c68                TIM8_CC_IRQHandler
                0x08000c68                FMPI2C1_EV_IRQHandler
                0x08000c68                SPI4_IRQHandler
                0x08000c68                TIM1_CC_IRQHandler
                0x08000c68                DMA2_Stream5_IRQHandler
                0x08000c68                DMA1_Stream5_IRQHandler
                0x08000c68                PVD_IRQHandler
                0x08000c68                SDIO_IRQHandler
                0x08000c68                TAMP_STAMP_IRQHandler
                0x08000c68                CAN2_RX1_IRQHandler
                0x08000c68                EXTI3_IRQHandler
                0x08000c68                TIM8_TRG_COM_TIM14_IRQHandler
                0x08000c68                TIM1_UP_TIM10_IRQHandler
                0x08000c68                TIM8_UP_TIM13_IRQHandler
                0x08000c68                I2C3_ER_IRQHandler
                0x08000c68                EXTI0_IRQHandler
                0x08000c68                I2C2_EV_IRQHandler
                0x08000c68                DMA1_Stream2_IRQHandler
                0x08000c68                CAN1_RX0_IRQHandler
                0x08000c68                FPU_IRQHandler
                0x08000c68                OTG_HS_WKUP_IRQHandler
                0x08000c68                CAN2_SCE_IRQHandler
                0x08000c68                DMA2_Stream2_IRQHandler
                0x08000c68                SPI1_IRQHandler
                0x08000c68                TIM1_BRK_TIM9_IRQHandler
                0x08000c68                DCMI_IRQHandler
                0x08000c68                CAN2_RX0_IRQHandler
                0x08000c68                DMA2_Stream3_IRQHandler
                0x08000c68                SAI2_IRQHandler
                0x08000c68                USART6_IRQHandler
                0x08000c68                USART3_IRQHandler
                0x08000c68                CAN1_RX1_IRQHandler
                0x08000c68                UART5_IRQHandler
                0x08000c68                DMA2_Stream0_IRQHandler
                0x08000c68                TIM4_IRQHandler
                0x08000c68                QUADSPI_IRQHandler
                0x08000c68                I2C1_EV_IRQHandler
                0x08000c68                DMA1_Stream6_IRQHandler
                0x08000c68                DMA1_Stream1_IRQHandler
                0x08000c68                UART4_IRQHandler
                0x08000c68                TIM3_IRQHandler
                0x08000c68                RCC_IRQHandler
                0x08000c68                TIM8_BRK_TIM12_IRQHandler
                0x08000c68                Default_Handler
                0x08000c68                CEC_IRQHandler
                0x08000c68                EXTI15_10_IRQHandler
                0x08000c68                ADC_IRQHandler
                0x08000c68                DMA1_Stream7_IRQHandler
                0x08000c68                TIM7_IRQHandler
                0x08000c68                CAN2_TX_IRQHandler
                0x08000c68                TIM5_IRQHandler
                0x08000c68                DMA2_Stream7_IRQHandler
                0x08000c68                I2C3_EV_IRQHandler
                0x08000c68                EXTI9_5_IRQHandler
                0x08000c68                RTC_WKUP_IRQHandler
                0x08000c68                SPDIF_RX_IRQHandler
                0x08000c68                SPI2_IRQHandler
                0x08000c68                OTG_HS_EP1_IN_IRQHandler
                0x08000c68                DMA1_Stream0_IRQHandler
                0x08000c68                CAN1_TX_IRQHandler
                0x08000c68                FMPI2C1_ER_IRQHandler
                0x08000c68                EXTI4_IRQHandler
                0x08000c68                OTG_HS_EP1_OUT_IRQHandler
                0x08000c68                WWDG_IRQHandler
                0x08000c68                TIM2_IRQHandler
                0x08000c68                OTG_FS_WKUP_IRQHandler
                0x08000c68                TIM1_TRG_COM_TIM11_IRQHandler
                0x08000c68                OTG_HS_IRQHandler
                0x08000c68                EXTI1_IRQHandler
                0x08000c68                USART2_IRQHandler
                0x08000c68                I2C2_ER_IRQHandler
                0x08000c68                DMA2_Stream1_IRQHandler
                0x08000c68                CAN1_SCE_IRQHandler
                0x08000c68                FLASH_IRQHandler
                0x08000c68                DMA2_Stream4_IRQHandler
                0x08000c68                USART1_IRQHandler
                0x08000c68                OTG_FS_IRQHandler
                0x08000c68                SPI3_IRQHandler
                0x08000c68                DMA1_Stream4_IRQHandler
                0x08000c68                I2C1_ER_IRQHandler
                0x08000c68                FMC_IRQHandler
                0x08000c68                DMA2_Stream6_IRQHandler
                0x08000c68                SAI1_IRQHandler
                0x08000c68                DMA1_Stream3_IRQHandler
 *fill*         0x08000c6a        0x2 
 .text.HAL_Init
                0x08000c6c       0x44 ./Drivers/STM32F4xx_HAL_Driver/Src/stm32f4xx_hal.o
                0x08000c6c                HAL_Init
 .text.HAL_IncTick
                0x08000cb0       0x28 ./Drivers/STM32F4xx_HAL_Driver/Src/stm32f4xx_hal.o
                0x08000cb0                HAL_IncTick
 .text.HAL_GetTick
                0x08000cd8       0x18 ./Drivers/STM32F4xx_HAL_Driver/Src/stm32f4xx_hal.o
                0x08000cd8                HAL_GetTick
 .text.__NVIC_SetPriorityGrouping
                0x08000cf0       0x48 ./Drivers/STM32F4xx_HAL_Driver/Src/stm32f4xx_hal_cortex.o
 .text.__NVIC_GetPriorityGrouping
                0x08000d38       0x1c ./Drivers/STM32F4xx_HAL_Driver/Src/stm32f4xx_hal_cortex.o
 .text.__NVIC_EnableIRQ
                0x08000d54       0x3c ./Drivers/STM32F4xx_HAL_Driver/Src/stm32f4xx_hal_cortex.o
 .text.__NVIC_SetPriority
                0x08000d90       0x54 ./Drivers/STM32F4xx_HAL_Driver/Src/stm32f4xx_hal_cortex.o
 .text.NVIC_EncodePriority
                0x08000de4       0x66 ./Drivers/STM32F4xx_HAL_Driver/Src/stm32f4xx_hal_cortex.o
 .text.HAL_NVIC_SetPriorityGrouping
                0x08000e4a       0x16 ./Drivers/STM32F4xx_HAL_Driver/Src/stm32f4xx_hal_cortex.o
                0x08000e4a                HAL_NVIC_SetPriorityGrouping
 .text.HAL_NVIC_SetPriority
                0x08000e60       0x38 ./Drivers/STM32F4xx_HAL_Driver/Src/stm32f4xx_hal_cortex.o
                0x08000e60                HAL_NVIC_SetPriority
 .text.HAL_NVIC_EnableIRQ
                0x08000e98       0x1c ./Drivers/STM32F4xx_HAL_Driver/Src/stm32f4xx_hal_cortex.o
                0x08000e98                HAL_NVIC_EnableIRQ
 .text.HAL_GPIO_Init
                0x08000eb4      0x328 ./Drivers/STM32F4xx_HAL_Driver/Src/stm32f4xx_hal_gpio.o
                0x08000eb4                HAL_GPIO_Init
 .text.HAL_GPIO_WritePin
                0x080011dc       0x32 ./Drivers/STM32F4xx_HAL_Driver/Src/stm32f4xx_hal_gpio.o
                0x080011dc                HAL_GPIO_WritePin
 *fill*         0x0800120e        0x2 
 .text.HAL_RCC_ClockConfig
                0x08001210      0x1cc ./Drivers/STM32F4xx_HAL_Driver/Src/stm32f4xx_hal_rcc.o
                0x08001210                HAL_RCC_ClockConfig
 .text.HAL_RCC_GetHCLKFreq
                0x080013dc       0x18 ./Drivers/STM32F4xx_HAL_Driver/Src/stm32f4xx_hal_rcc.o
                0x080013dc                HAL_RCC_GetHCLKFreq
 .text.HAL_RCC_GetPCLK1Freq
                0x080013f4       0x28 ./Drivers/STM32F4xx_HAL_Driver/Src/stm32f4xx_hal_rcc.o
                0x080013f4                HAL_RCC_GetPCLK1Freq
 .text.HAL_RCC_GetPCLK2Freq
                0x0800141c       0x28 ./Drivers/STM32F4xx_HAL_Driver/Src/stm32f4xx_hal_rcc.o
                0x0800141c                HAL_RCC_GetPCLK2Freq
 .text.HAL_RCC_GetClockConfig
                0x08001444       0x64 ./Drivers/STM32F4xx_HAL_Driver/Src/stm32f4xx_hal_rcc.o
                0x08001444                HAL_RCC_GetClockConfig
 .text.HAL_RCC_GetSysClockFreq
                0x080014a8      0x460 ./Drivers/STM32F4xx_HAL_Driver/Src/stm32f4xx_hal_rcc_ex.o
                0x080014a8                HAL_RCC_GetSysClockFreq
 .text.HAL_RCC_OscConfig
                0x08001908      0x53c ./Drivers/STM32F4xx_HAL_Driver/Src/stm32f4xx_hal_rcc_ex.o
                0x08001908                HAL_RCC_OscConfig
 .text.HAL_TIM_Base_Init
                0x08001e44       0x9e ./Drivers/STM32F4xx_HAL_Driver/Src/stm32f4xx_hal_tim.o
                0x08001e44                HAL_TIM_Base_Init
 .text.HAL_TIM_Base_MspInit
                0x08001ee2       0x14 ./Drivers/STM32F4xx_HAL_Driver/Src/stm32f4xx_hal_tim.o
                0x08001ee2                HAL_TIM_Base_MspInit
 *fill*         0x08001ef6        0x2 
 .text.HAL_TIM_Base_Start_IT
                0x08001ef8       0xe0 ./Drivers/STM32F4xx_HAL_Driver/Src/stm32f4xx_hal_tim.o
                0x08001ef8                HAL_TIM_Base_Start_IT
 .text.HAL_TIM_IRQHandler
                0x08001fd8      0x1e0 ./Drivers/STM32F4xx_HAL_Driver/Src/stm32f4xx_hal_tim.o
                0x08001fd8                HAL_TIM_IRQHandler
 .text.HAL_TIM_OC_DelayElapsedCallback
                0x080021b8       0x14 ./Drivers/STM32F4xx_HAL_Driver/Src/stm32f4xx_hal_tim.o
                0x080021b8                HAL_TIM_OC_DelayElapsedCallback
 .text.HAL_TIM_IC_CaptureCallback
                0x080021cc       0x14 ./Drivers/STM32F4xx_HAL_Driver/Src/stm32f4xx_hal_tim.o
                0x080021cc                HAL_TIM_IC_CaptureCallback
 .text.HAL_TIM_PWM_PulseFinishedCallback
                0x080021e0       0x14 ./Drivers/STM32F4xx_HAL_Driver/Src/stm32f4xx_hal_tim.o
                0x080021e0                HAL_TIM_PWM_PulseFinishedCallback
 .text.HAL_TIM_TriggerCallback
                0x080021f4       0x14 ./Drivers/STM32F4xx_HAL_Driver/Src/stm32f4xx_hal_tim.o
                0x080021f4                HAL_TIM_TriggerCallback
 .text.TIM_Base_SetConfig
                0x08002208      0x14c ./Drivers/STM32F4xx_HAL_Driver/Src/stm32f4xx_hal_tim.o
                0x08002208                TIM_Base_SetConfig
 .text.HAL_TIMEx_CommutCallback
                0x08002354       0x14 ./Drivers/STM32F4xx_HAL_Driver/Src/stm32f4xx_hal_tim_ex.o
                0x08002354                HAL_TIMEx_CommutCallback
 .text.HAL_TIMEx_BreakCallback
                0x08002368       0x14 ./Drivers/STM32F4xx_HAL_Driver/Src/stm32f4xx_hal_tim_ex.o
                0x08002368                HAL_TIMEx_BreakCallback
 .text.HAL_UART_Init
                0x0800237c       0xa0 ./Drivers/STM32F4xx_HAL_Driver/Src/stm32f4xx_hal_uart.o
                0x0800237c                HAL_UART_Init
 .text.UART_SetConfig
                0x0800241c      0x4e8 ./Drivers/STM32F4xx_HAL_Driver/Src/stm32f4xx_hal_uart.o
 .text.vListInitialise
                0x08002904       0x40 ./ThirdParty/FreeRtos/list.o
                0x08002904                vListInitialise
 .text.vListInitialiseItem
                0x08002944       0x1a ./ThirdParty/FreeRtos/list.o
                0x08002944                vListInitialiseItem
 .text.vListInsertEnd
                0x0800295e       0x48 ./ThirdParty/FreeRtos/list.o
                0x0800295e                vListInsertEnd
 .text.vListInsert
                0x080029a6       0x72 ./ThirdParty/FreeRtos/list.o
                0x080029a6                vListInsert
 .text.uxListRemove
                0x08002a18       0x54 ./ThirdParty/FreeRtos/list.o
                0x08002a18                uxListRemove
 .text.xQueueGenericReset
                0x08002a6c       0xd4 ./ThirdParty/FreeRtos/queue.o
                0x08002a6c                xQueueGenericReset
 .text.xQueueGenericCreate
                0x08002b40       0xc4 ./ThirdParty/FreeRtos/queue.o
                0x08002b40                xQueueGenericCreate
 .text.prvInitialiseNewQueue
                0x08002c04       0x46 ./ThirdParty/FreeRtos/queue.o
 *fill*         0x08002c4a        0x2 
 .text.xQueueGenericSend
                0x08002c4c      0x204 ./ThirdParty/FreeRtos/queue.o
                0x08002c4c                xQueueGenericSend
 .text.xQueueGenericSendFromISR
                0x08002e50      0x15c ./ThirdParty/FreeRtos/queue.o
                0x08002e50                xQueueGenericSendFromISR
 .text.xQueueReceive
                0x08002fac      0x1c4 ./ThirdParty/FreeRtos/queue.o
                0x08002fac                xQueueReceive
 .text.prvCopyDataToQueue
                0x08003170       0xd4 ./ThirdParty/FreeRtos/queue.o
 .text.prvCopyDataFromQueue
                0x08003244       0x4c ./ThirdParty/FreeRtos/queue.o
 .text.prvUnlockQueue
                0x08003290       0xa4 ./ThirdParty/FreeRtos/queue.o
 .text.prvIsQueueEmpty
                0x08003334       0x2c ./ThirdParty/FreeRtos/queue.o
 .text.prvIsQueueFull
                0x08003360       0x30 ./ThirdParty/FreeRtos/queue.o
 .text.vQueueAddToRegistry
                0x08003390       0x54 ./ThirdParty/FreeRtos/queue.o
                0x08003390                vQueueAddToRegistry
 .text.vQueueWaitForMessageRestricted
                0x080033e4       0x68 ./ThirdParty/FreeRtos/queue.o
                0x080033e4                vQueueWaitForMessageRestricted
 .text.xTaskCreate
                0x0800344c       0x82 ./ThirdParty/FreeRtos/tasks.o
                0x0800344c                xTaskCreate
 .text.prvInitialiseNewTask
                0x080034ce      0x12e ./ThirdParty/FreeRtos/tasks.o
 .text.prvAddNewTaskToReadyList
                0x080035fc       0xdc ./ThirdParty/FreeRtos/tasks.o
 .text.vTaskStartScheduler
                0x080036d8       0xa4 ./ThirdParty/FreeRtos/tasks.o
                0x080036d8                vTaskStartScheduler
 .text.vTaskSuspendAll
                0x0800377c       0x1c ./ThirdParty/FreeRtos/tasks.o
                0x0800377c                vTaskSuspendAll
 .text.xTaskResumeAll
                0x08003798      0x13c ./ThirdParty/FreeRtos/tasks.o
                0x08003798                xTaskResumeAll
 .text.xTaskGetTickCount
                0x080038d4       0x20 ./ThirdParty/FreeRtos/tasks.o
                0x080038d4                xTaskGetTickCount
 .text.xTaskIncrementTick
                0x080038f4      0x174 ./ThirdParty/FreeRtos/tasks.o
                0x080038f4                xTaskIncrementTick
 .text.vTaskSwitchContext
                0x08003a68       0xb8 ./ThirdParty/FreeRtos/tasks.o
                0x08003a68                vTaskSwitchContext
 .text.vTaskPlaceOnEventList
                0x08003b20       0x4c ./ThirdParty/FreeRtos/tasks.o
                0x08003b20                vTaskPlaceOnEventList
 .text.vTaskPlaceOnEventListRestricted
                0x08003b6c       0x58 ./ThirdParty/FreeRtos/tasks.o
                0x08003b6c                vTaskPlaceOnEventListRestricted
 .text.xTaskRemoveFromEventList
                0x08003bc4       0xc8 ./ThirdParty/FreeRtos/tasks.o
                0x08003bc4                xTaskRemoveFromEventList
 .text.vTaskInternalSetTimeOutState
                0x08003c8c       0x2c ./ThirdParty/FreeRtos/tasks.o
                0x08003c8c                vTaskInternalSetTimeOutState
 .text.xTaskCheckForTimeOut
                0x08003cb8       0xd0 ./ThirdParty/FreeRtos/tasks.o
                0x08003cb8                xTaskCheckForTimeOut
 .text.vTaskMissedYield
                0x08003d88       0x18 ./ThirdParty/FreeRtos/tasks.o
                0x08003d88                vTaskMissedYield
 .text.prvIdleTask
                0x08003da0       0x30 ./ThirdParty/FreeRtos/tasks.o
 .text.prvInitialiseTaskLists
                0x08003dd0       0x80 ./ThirdParty/FreeRtos/tasks.o
 .text.prvCheckTasksWaitingTermination
                0x08003e50       0x5c ./ThirdParty/FreeRtos/tasks.o
 .text.prvDeleteTCB
                0x08003eac       0x20 ./ThirdParty/FreeRtos/tasks.o
 .text.prvResetNextTaskUnblockTime
                0x08003ecc       0x38 ./ThirdParty/FreeRtos/tasks.o
 .text.xTaskGetSchedulerState
                0x08003f04       0x3c ./ThirdParty/FreeRtos/tasks.o
                0x08003f04                xTaskGetSchedulerState
 .text.xTaskPriorityDisinherit
                0x08003f40       0xf8 ./ThirdParty/FreeRtos/tasks.o
                0x08003f40                xTaskPriorityDisinherit
 .text.prvAddCurrentTaskToDelayedList
                0x08004038       0xcc ./ThirdParty/FreeRtos/tasks.o
 .text.xTimerCreateTimerTask
                0x08004104       0x68 ./ThirdParty/FreeRtos/timers.o
                0x08004104                xTimerCreateTimerTask
 .text.xTimerGenericCommand
                0x0800416c       0x9c ./ThirdParty/FreeRtos/timers.o
                0x0800416c                xTimerGenericCommand
 .text.prvProcessExpiredTimer
                0x08004208       0x9c ./ThirdParty/FreeRtos/timers.o
 .text.prvTimerTask
                0x080042a4       0x26 ./ThirdParty/FreeRtos/timers.o
 *fill*         0x080042ca        0x2 
 .text.prvProcessTimerOrBlockTask
                0x080042cc       0x9c ./ThirdParty/FreeRtos/timers.o
 .text.prvGetNextExpireTime
                0x08004368       0x48 ./ThirdParty/FreeRtos/timers.o
 .text.prvSampleTimeNow
                0x080043b0       0x40 ./ThirdParty/FreeRtos/timers.o
 .text.prvInsertTimerInActiveList
                0x080043f0       0x84 ./ThirdParty/FreeRtos/timers.o
 .text.prvProcessReceivedCommands
                0x08004474      0x194 ./ThirdParty/FreeRtos/timers.o
 .text.prvSwitchTimerLists
                0x08004608       0xcc ./ThirdParty/FreeRtos/timers.o
 .text.prvCheckForValidListAndQueue
                0x080046d4       0x6c ./ThirdParty/FreeRtos/timers.o
 .text.pxPortInitialiseStack
                0x08004740       0x68 ./ThirdParty/FreeRtos/portable/GCC/ARM_CM4F/port.o
                0x08004740                pxPortInitialiseStack
 .text.prvTaskExitError
                0x080047a8       0x5c ./ThirdParty/FreeRtos/portable/GCC/ARM_CM4F/port.o
 *fill*         0x08004804        0xc 
 .text.SVC_Handler
                0x08004810       0x28 ./ThirdParty/FreeRtos/portable/GCC/ARM_CM4F/port.o
                0x08004810                SVC_Handler
 .text.prvPortStartFirstTask
                0x08004838       0x2c ./ThirdParty/FreeRtos/portable/GCC/ARM_CM4F/port.o
 .text.xPortStartScheduler
                0x08004864      0x148 ./ThirdParty/FreeRtos/portable/GCC/ARM_CM4F/port.o
                0x08004864                xPortStartScheduler
 .text.vPortEnterCritical
                0x080049ac       0x64 ./ThirdParty/FreeRtos/portable/GCC/ARM_CM4F/port.o
                0x080049ac                vPortEnterCritical
 .text.vPortExitCritical
                0x08004a10       0x54 ./ThirdParty/FreeRtos/portable/GCC/ARM_CM4F/port.o
                0x08004a10                vPortExitCritical
 *fill*         0x08004a64        0xc 
 .text.PendSV_Handler
                0x08004a70       0x68 ./ThirdParty/FreeRtos/portable/GCC/ARM_CM4F/port.o
                0x08004a70                PendSV_Handler
 .text.SysTick_Handler
                0x08004ad8       0x44 ./ThirdParty/FreeRtos/portable/GCC/ARM_CM4F/port.o
                0x08004ad8                SysTick_Handler
 .text.vPortSetupTimerInterrupt
                0x08004b1c       0x28 ./ThirdParty/FreeRtos/portable/GCC/ARM_CM4F/port.o
                0x08004b1c                vPortSetupTimerInterrupt
 .text.vPortEnableVFP
                0x08004b44       0x18 ./ThirdParty/FreeRtos/portable/GCC/ARM_CM4F/port.o
 .text.vPortValidateInterruptPriority
                0x08004b5c       0x84 ./ThirdParty/FreeRtos/portable/GCC/ARM_CM4F/port.o
                0x08004b5c                vPortValidateInterruptPriority
 .text.pvPortMalloc
                0x08004be0      0x1c4 ./ThirdParty/FreeRtos/portable/MemMang/heap_4.o
                0x08004be0                pvPortMalloc
 .text.vPortFree
                0x08004da4       0xc8 ./ThirdParty/FreeRtos/portable/MemMang/heap_4.o
                0x08004da4                vPortFree
 .text.prvHeapInit
                0x08004e6c       0xc4 ./ThirdParty/FreeRtos/portable/MemMang/heap_4.o
 .text.prvInsertBlockIntoFreeList
                0x08004f30       0xb4 ./ThirdParty/FreeRtos/portable/MemMang/heap_4.o
 .text.std      0x08004fe4       0x6c C:/ST/STM32CubeIDE_2.0.0/STM32CubeIDE/plugins/com.st.stm32cube.ide.mcu.externaltools.gnu-tools-for-stm32.13.3.rel1.win32_1.0.100.202509120712/tools/bin/../lib/gcc/arm-none-eabi/13.3.1/../../../../arm-none-eabi/lib/thumb/v7e-m+fp/hard\libc_nano.a(libc_a-findfp.o)
 .text.stdio_exit_handler
                0x08005050       0x18 C:/ST/STM32CubeIDE_2.0.0/STM32CubeIDE/plugins/com.st.stm32cube.ide.mcu.externaltools.gnu-tools-for-stm32.13.3.rel1.win32_1.0.100.202509120712/tools/bin/../lib/gcc/arm-none-eabi/13.3.1/../../../../arm-none-eabi/lib/thumb/v7e-m+fp/hard\libc_nano.a(libc_a-findfp.o)
 .text.cleanup_stdio
                0x08005068       0x40 C:/ST/STM32CubeIDE_2.0.0/STM32CubeIDE/plugins/com.st.stm32cube.ide.mcu.externaltools.gnu-tools-for-stm32.13.3.rel1.win32_1.0.100.202509120712/tools/bin/../lib/gcc/arm-none-eabi/13.3.1/../../../../arm-none-eabi/lib/thumb/v7e-m+fp/hard\libc_nano.a(libc_a-findfp.o)
 .text.global_stdio_init.part.0
                0x080050a8       0x3c C:/ST/STM32CubeIDE_2.0.0/STM32CubeIDE/plugins/com.st.stm32cube.ide.mcu.externaltools.gnu-tools-for-stm32.13.3.rel1.win32_1.0.100.202509120712/tools/bin/../lib/gcc/arm-none-eabi/13.3.1/../../../../arm-none-eabi/lib/thumb/v7e-m+fp/hard\libc_nano.a(libc_a-findfp.o)
 .text.__sfp_lock_acquire
                0x080050e4        0xc C:/ST/STM32CubeIDE_2.0.0/STM32CubeIDE/plugins/com.st.stm32cube.ide.mcu.externaltools.gnu-tools-for-stm32.13.3.rel1.win32_1.0.100.202509120712/tools/bin/../lib/gcc/arm-none-eabi/13.3.1/../../../../arm-none-eabi/lib/thumb/v7e-m+fp/hard\libc_nano.a(libc_a-findfp.o)
                0x080050e4                __sfp_lock_acquire
 .text.__sfp_lock_release
                0x080050f0        0xc C:/ST/STM32CubeIDE_2.0.0/STM32CubeIDE/plugins/com.st.stm32cube.ide.mcu.externaltools.gnu-tools-for-stm32.13.3.rel1.win32_1.0.100.202509120712/tools/bin/../lib/gcc/arm-none-eabi/13.3.1/../../../../arm-none-eabi/lib/thumb/v7e-m+fp/hard\libc_nano.a(libc_a-findfp.o)
                0x080050f0                __sfp_lock_release
 .text.__sinit  0x080050fc       0x30 C:/ST/STM32CubeIDE_2.0.0/STM32CubeIDE/plugins/com.st.stm32cube.ide.mcu.externaltools.gnu-tools-for-stm32.13.3.rel1.win32_1.0.100.202509120712/tools/bin/../lib/gcc/arm-none-eabi/13.3.1/../../../../arm-none-eabi/lib/thumb/v7e-m+fp/hard\libc_nano.a(libc_a-findfp.o)
                0x080050fc                __sinit
 .text._fwalk_sglue
                0x0800512c       0x3c C:/ST/STM32CubeIDE_2.0.0/STM32CubeIDE/plugins/com.st.stm32cube.ide.mcu.externaltools.gnu-tools-for-stm32.13.3.rel1.win32_1.0.100.202509120712/tools/bin/../lib/gcc/arm-none-eabi/13.3.1/../../../../arm-none-eabi/lib/thumb/v7e-m+fp/hard\libc_nano.a(libc_a-fwalk.o)
                0x0800512c                _fwalk_sglue
 .text._puts_r  0x08005168       0xaa C:/ST/STM32CubeIDE_2.0.0/STM32CubeIDE/plugins/com.st.stm32cube.ide.mcu.externaltools.gnu-tools-for-stm32.13.3.rel1.win32_1.0.100.202509120712/tools/bin/../lib/gcc/arm-none-eabi/13.3.1/../../../../arm-none-eabi/lib/thumb/v7e-m+fp/hard\libc_nano.a(libc_a-puts.o)
                0x08005168                _puts_r
 *fill*         0x08005212        0x2 
 .text.puts     0x08005214       0x10 C:/ST/STM32CubeIDE_2.0.0/STM32CubeIDE/plugins/com.st.stm32cube.ide.mcu.externaltools.gnu-tools-for-stm32.13.3.rel1.win32_1.0.100.202509120712/tools/bin/../lib/gcc/arm-none-eabi/13.3.1/../../../../arm-none-eabi/lib/thumb/v7e-m+fp/hard\libc_nano.a(libc_a-puts.o)
                0x08005214                puts
 .text.__sread  0x08005224       0x22 C:/ST/STM32CubeIDE_2.0.0/STM32CubeIDE/plugins/com.st.stm32cube.ide.mcu.externaltools.gnu-tools-for-stm32.13.3.rel1.win32_1.0.100.202509120712/tools/bin/../lib/gcc/arm-none-eabi/13.3.1/../../../../arm-none-eabi/lib/thumb/v7e-m+fp/hard\libc_nano.a(libc_a-stdio.o)
                0x08005224                __sread
 .text.__swrite
                0x08005246       0x38 C:/ST/STM32CubeIDE_2.0.0/STM32CubeIDE/plugins/com.st.stm32cube.ide.mcu.externaltools.gnu-tools-for-stm32.13.3.rel1.win32_1.0.100.202509120712/tools/bin/../lib/gcc/arm-none-eabi/13.3.1/../../../../arm-none-eabi/lib/thumb/v7e-m+fp/hard\libc_nano.a(libc_a-stdio.o)
                0x08005246                __swrite
 .text.__sseek  0x0800527e       0x24 C:/ST/STM32CubeIDE_2.0.0/STM32CubeIDE/plugins/com.st.stm32cube.ide.mcu.externaltools.gnu-tools-for-stm32.13.3.rel1.win32_1.0.100.202509120712/tools/bin/../lib/gcc/arm-none-eabi/13.3.1/../../../../arm-none-eabi/lib/thumb/v7e-m+fp/hard\libc_nano.a(libc_a-stdio.o)
                0x0800527e                __sseek
 .text.__sclose
                0x080052a2        0x8 C:/ST/STM32CubeIDE_2.0.0/STM32CubeIDE/plugins/com.st.stm32cube.ide.mcu.externaltools.gnu-tools-for-stm32.13.3.rel1.win32_1.0.100.202509120712/tools/bin/../lib/gcc/arm-none-eabi/13.3.1/../../../../arm-none-eabi/lib/thumb/v7e-m+fp/hard\libc_nano.a(libc_a-stdio.o)
                0x080052a2                __sclose
 .text.__swbuf_r
                0x080052aa       0x7c C:/ST/STM32CubeIDE_2.0.0/STM32CubeIDE/plugins/com.st.stm32cube.ide.mcu.externaltools.gnu-tools-for-stm32.13.3.rel1.win32_1.0.100.202509120712/tools/bin/../lib/gcc/arm-none-eabi/13.3.1/../../../../arm-none-eabi/lib/thumb/v7e-m+fp/hard\libc_nano.a(libc_a-wbuf.o)
                0x080052aa                __swbuf_r
 *fill*         0x08005326        0x2 
 .text.__swsetup_r
                0x08005328       0xac C:/ST/STM32CubeIDE_2.0.0/STM32CubeIDE/plugins/com.st.stm32cube.ide.mcu.externaltools.gnu-tools-for-stm32.13.3.rel1.win32_1.0.100.202509120712/tools/bin/../lib/gcc/arm-none-eabi/13.3.1/../../../../arm-none-eabi/lib/thumb/v7e-m+fp/hard\libc_nano.a(libc_a-wsetup.o)
                0x08005328                __swsetup_r
 .text.memset   0x080053d4       0x10 C:/ST/STM32CubeIDE_2.0.0/STM32CubeIDE/plugins/com.st.stm32cube.ide.mcu.externaltools.gnu-tools-for-stm32.13.3.rel1.win32_1.0.100.202509120712/tools/bin/../lib/gcc/arm-none-eabi/13.3.1/../../../../arm-none-eabi/lib/thumb/v7e-m+fp/hard\libc_nano.a(libc_a-memset.o)
                0x080053d4                memset
 .text._close_r
                0x080053e4       0x20 C:/ST/STM32CubeIDE_2.0.0/STM32CubeIDE/plugins/com.st.stm32cube.ide.mcu.externaltools.gnu-tools-for-stm32.13.3.rel1.win32_1.0.100.202509120712/tools/bin/../lib/gcc/arm-none-eabi/13.3.1/../../../../arm-none-eabi/lib/thumb/v7e-m+fp/hard\libc_nano.a(libc_a-closer.o)
                0x080053e4                _close_r
 .text._lseek_r
                0x08005404       0x24 C:/ST/STM32CubeIDE_2.0.0/STM32CubeIDE/plugins/com.st.stm32cube.ide.mcu.externaltools.gnu-tools-for-stm32.13.3.rel1.win32_1.0.100.202509120712/tools/bin/../lib/gcc/arm-none-eabi/13.3.1/../../../../arm-none-eabi/lib/thumb/v7e-m+fp/hard\libc_nano.a(libc_a-lseekr.o)
                0x08005404                _lseek_r
 .text._read_r  0x08005428       0x24 C:/ST/STM32CubeIDE_2.0.0/STM32CubeIDE/plugins/com.st.stm32cube.ide.mcu.externaltools.gnu-tools-for-stm32.13.3.rel1.win32_1.0.100.202509120712/tools/bin/../lib/gcc/arm-none-eabi/13.3.1/../../../../arm-none-eabi/lib/thumb/v7e-m+fp/hard\libc_nano.a(libc_a-readr.o)
                0x08005428                _read_r
 .text._write_r
                0x0800544c       0x24 C:/ST/STM32CubeIDE_2.0.0/STM32CubeIDE/plugins/com.st.stm32cube.ide.mcu.externaltools.gnu-tools-for-stm32.13.3.rel1.win32_1.0.100.202509120712/tools/bin/../lib/gcc/arm-none-eabi/13.3.1/../../../../arm-none-eabi/lib/thumb/v7e-m+fp/hard\libc_nano.a(libc_a-writer.o)
                0x0800544c                _write_r
 .text.__errno  0x08005470        0xc C:/ST/STM32CubeIDE_2.0.0/STM32CubeIDE/plugins/com.st.stm32cube.ide.mcu.externaltools.gnu-tools-for-stm32.13.3.rel1.win32_1.0.100.202509120712/tools/bin/../lib/gcc/arm-none-eabi/13.3.1/../../../../arm-none-eabi/lib/thumb/v7e-m+fp/hard\libc_nano.a(libc_a-errno.o)
                0x08005470                __errno
 .text.__libc_init_array
                0x0800547c       0x48 C:/ST/STM32CubeIDE_2.0.0/STM32CubeIDE/plugins/com.st.stm32cube.ide.mcu.externaltools.gnu-tools-for-stm32.13.3.rel1.win32_1.0.100.202509120712/tools/bin/../lib/gcc/arm-none-eabi/13.3.1/../../../../arm-none-eabi/lib/thumb/v7e-m+fp/hard\libc_nano.a(libc_a-init.o)
                0x0800547c                __libc_init_array
 .text.__retarget_lock_init_recursive
                0x080054c4        0x2 C:/ST/STM32CubeIDE_2.0.0/STM32CubeIDE/plugins/com.st.stm32cube.ide.mcu.externaltools.gnu-tools-for-stm32.13.3.rel1.win32_1.0.100.202509120712/tools/bin/../lib/gcc/arm-none-eabi/13.3.1/../../../../arm-none-eabi/lib/thumb/v7e-m+fp/hard\libc_nano.a(libc_a-lock.o)
                0x080054c4                __retarget_lock_init_recursive
 .text.__retarget_lock_acquire_recursive
                0x080054c6        0x2 C:/ST/STM32CubeIDE_2.0.0/STM32CubeIDE/plugins/com.st.stm32cube.ide.mcu.externaltools.gnu-tools-for-stm32.13.3.rel1.win32_1.0.100.202509120712/tools/bin/../lib/gcc/arm-none-eabi/13.3.1/../../../../arm-none-eabi/lib/thumb/v7e-m+fp/hard\libc_nano.a(libc_a-lock.o)
                0x080054c6                __retarget_lock_acquire_recursive
 .text.__retarget_lock_release_recursive
                0x080054c8        0x2 C:/ST/STM32CubeIDE_2.0.0/STM32CubeIDE/plugins/com.st.stm32cube.ide.mcu.externaltools.gnu-tools-for-stm32.13.3.rel1.win32_1.0.100.202509120712/tools/bin/../lib/gcc/arm-none-eabi/13.3.1/../../../../arm-none-eabi/lib/thumb/v7e-m+fp/hard\libc_nano.a(libc_a-lock.o)
                0x080054c8                __retarget_lock_release_recursive
 .text.memcpy   0x080054ca       0x1c C:/ST/STM32CubeIDE_2.0.0/STM32CubeIDE/plugins/com.st.stm32cube.ide.mcu.externaltools.gnu-tools-for-stm32.13.3.rel1.win32_1.0.100.202509120712/tools/bin/../lib/gcc/arm-none-eabi/13.3.1/../../../../arm-none-eabi/lib/thumb/v7e-m+fp/hard\libc_nano.a(libc_a-memcpy-stub.o)
                0x080054ca                memcpy
 *fill*         0x080054e6        0x2 
 .text._free_r  0x080054e8       0x94 C:/ST/STM32CubeIDE_2.0.0/STM32CubeIDE/plugins/com.st.stm32cube.ide.mcu.externaltools.gnu-tools-for-stm32.13.3.rel1.win32_1.0.100.202509120712/tools/bin/../lib/gcc/arm-none-eabi/13.3.1/../../../../arm-none-eabi/lib/thumb/v7e-m+fp/hard\libc_nano.a(libc_a-freer.o)
                0x080054e8                _free_r
 .text.sbrk_aligned
                0x0800557c       0x44 C:/ST/STM32CubeIDE_2.0.0/STM32CubeIDE/plugins/com.st.stm32cube.ide.mcu.externaltools.gnu-tools-for-stm32.13.3.rel1.win32_1.0.100.202509120712/tools/bin/../lib/gcc/arm-none-eabi/13.3.1/../../../../arm-none-eabi/lib/thumb/v7e-m+fp/hard\libc_nano.a(libc_a-mallocr.o)
 .text._malloc_r
                0x080055c0      0x100 C:/ST/STM32CubeIDE_2.0.0/STM32CubeIDE/plugins/com.st.stm32cube.ide.mcu.externaltools.gnu-tools-for-stm32.13.3.rel1.win32_1.0.100.202509120712/tools/bin/../lib/gcc/arm-none-eabi/13.3.1/../../../../arm-none-eabi/lib/thumb/v7e-m+fp/hard\libc_nano.a(libc_a-mallocr.o)
                0x080055c0                _malloc_r
 .text.__malloc_lock
                0x080056c0        0xc C:/ST/STM32CubeIDE_2.0.0/STM32CubeIDE/plugins/com.st.stm32cube.ide.mcu.externaltools.gnu-tools-for-stm32.13.3.rel1.win32_1.0.100.202509120712/tools/bin/../lib/gcc/arm-none-eabi/13.3.1/../../../../arm-none-eabi/lib/thumb/v7e-m+fp/hard\libc_nano.a(libc_a-mlock.o)
                0x080056c0                __malloc_lock
 .text.__malloc_unlock
                0x080056cc        0xc C:/ST/STM32CubeIDE_2.0.0/STM32CubeIDE/plugins/com.st.stm32cube.ide.mcu.externaltools.gnu-tools-for-stm32.13.3.rel1.win32_1.0.100.202509120712/tools/bin/../lib/gcc/arm-none-eabi/13.3.1/../../../../arm-none-eabi/lib/thumb/v7e-m+fp/hard\libc_nano.a(libc_a-mlock.o)
                0x080056cc                __malloc_unlock
 .text.__sflush_r
                0x080056d8      0x108 C:/ST/STM32CubeIDE_2.0.0/STM32CubeIDE/plugins/com.st.stm32cube.ide.mcu.externaltools.gnu-tools-for-stm32.13.3.rel1.win32_1.0.100.202509120712/tools/bin/../lib/gcc/arm-none-eabi/13.3.1/../../../../arm-none-eabi/lib/thumb/v7e-m+fp/hard\libc_nano.a(libc_a-fflush.o)
                0x080056d8                __sflush_r
 .text._fflush_r
                0x080057e0       0x50 C:/ST/STM32CubeIDE_2.0.0/STM32CubeIDE/plugins/com.st.stm32cube.ide.mcu.externaltools.gnu-tools-for-stm32.13.3.rel1.win32_1.0.100.202509120712/tools/bin/../lib/gcc/arm-none-eabi/13.3.1/../../../../arm-none-eabi/lib/thumb/v7e-m+fp/hard\libc_nano.a(libc_a-fflush.o)
                0x080057e0                _fflush_r
 .text.__swhatbuf_r
                0x08005830       0x4c C:/ST/STM32CubeIDE_2.0.0/STM32CubeIDE/plugins/com.st.stm32cube.ide.mcu.externaltools.gnu-tools-for-stm32.13.3.rel1.win32_1.0.100.202509120712/tools/bin/../lib/gcc/arm-none-eabi/13.3.1/../../../../arm-none-eabi/lib/thumb/v7e-m+fp/hard\libc_nano.a(libc_a-makebuf.o)
                0x08005830                __swhatbuf_r
 .text.__smakebuf_r
                0x0800587c       0x78 C:/ST/STM32CubeIDE_2.0.0/STM32CubeIDE/plugins/com.st.stm32cube.ide.mcu.externaltools.gnu-tools-for-stm32.13.3.rel1.win32_1.0.100.202509120712/tools/bin/../lib/gcc/arm-none-eabi/13.3.1/../../../../arm-none-eabi/lib/thumb/v7e-m+fp/hard\libc_nano.a(libc_a-makebuf.o)
                0x0800587c                __smakebuf_r
 .text._fstat_r
                0x080058f4       0x24 C:/ST/STM32CubeIDE_2.0.0/STM32CubeIDE/plugins/com.st.stm32cube.ide.mcu.externaltools.gnu-tools-for-stm32.13.3.rel1.win32_1.0.100.202509120712/tools/bin/../lib/gcc/arm-none-eabi/13.3.1/../../../../arm-none-eabi/lib/thumb/v7e-m+fp/hard\libc_nano.a(libc_a-fstatr.o)
                0x080058f4                _fstat_r
 .text._isatty_r
                0x08005918       0x20 C:/ST/STM32CubeIDE_2.0.0/STM32CubeIDE/plugins/com.st.stm32cube.ide.mcu.externaltools.gnu-tools-for-stm32.13.3.rel1.win32_1.0.100.202509120712/tools/bin/../lib/gcc/arm-none-eabi/13.3.1/../../../../arm-none-eabi/lib/thumb/v7e-m+fp/hard\libc_nano.a(libc_a-isattyr.o)
                0x08005918                _isatty_r
 .text._sbrk_r  0x08005938       0x20 C:/ST/STM32CubeIDE_2.0.0/STM32CubeIDE/plugins/com.st.stm32cube.ide.mcu.externaltools.gnu-tools-for-stm32.13.3.rel1.win32_1.0.100.202509120712/tools/bin/../lib/gcc/arm-none-eabi/13.3.1/../../../../arm-none-eabi/lib/thumb/v7e-m+fp/hard\libc_nano.a(libc_a-sbrkr.o)
                0x08005938                _sbrk_r
 *(.glue_7)
 .glue_7        0x08005958        0x0 linker stubs
 *(.glue_7t)
 .glue_7t       0x08005958        0x0 linker stubs
 *(.eh_frame)
 .eh_frame      0x08005958        0x0 C:/ST/STM32CubeIDE_2.0.0/STM32CubeIDE/plugins/com.st.stm32cube.ide.mcu.externaltools.gnu-tools-for-stm32.13.3.rel1.win32_1.0.100.202509120712/tools/bin/../lib/gcc/arm-none-eabi/13.3.1/thumb/v7e-m+fp/hard/crtbegin.o
 *(.init)
 .init          0x08005958        0x4 C:/ST/STM32CubeIDE_2.0.0/STM32CubeIDE/plugins/com.st.stm32cube.ide.mcu.externaltools.gnu-tools-for-stm32.13.3.rel1.win32_1.0.100.202509120712/tools/bin/../lib/gcc/arm-none-eabi/13.3.1/thumb/v7e-m+fp/hard/crti.o
                0x08005958                _init
 .init          0x0800595c        0x8 C:/ST/STM32CubeIDE_2.0.0/STM32CubeIDE/plugins/com.st.stm32cube.ide.mcu.externaltools.gnu-tools-for-stm32.13.3.rel1.win32_1.0.100.202509120712/tools/bin/../lib/gcc/arm-none-eabi/13.3.1/thumb/v7e-m+fp/hard/crtn.o
 *(.fini)
 .fini          0x08005964        0x4 C:/ST/STM32CubeIDE_2.0.0/STM32CubeIDE/plugins/com.st.stm32cube.ide.mcu.externaltools.gnu-tools-for-stm32.13.3.rel1.win32_1.0.100.202509120712/tools/bin/../lib/gcc/arm-none-eabi/13.3.1/thumb/v7e-m+fp/hard/crti.o
                0x08005964                _fini
 .fini          0x08005968        0x8 C:/ST/STM32CubeIDE_2.0.0/STM32CubeIDE/plugins/com.st.stm32cube.ide.mcu.externaltools.gnu-tools-for-stm32.13.3.rel1.win32_1.0.100.202509120712/tools/bin/../lib/gcc/arm-none-eabi/13.3.1/thumb/v7e-m+fp/hard/crtn.o
                0x08005970                        . = ALIGN (0x4)
                0x08005970                        _etext = .

.vfp11_veneer   0x08005970        0x0
 .vfp11_veneer  0x08005970        0x0 linker stubs

.v4_bx          0x08005970        0x0
 .v4_bx         0x08005970        0x0 linker stubs

.iplt           0x08005970        0x0
 .iplt          0x08005970        0x0 C:/ST/STM32CubeIDE_2.0.0/STM32CubeIDE/plugins/com.st.stm32cube.ide.mcu.externaltools.gnu-tools-for-stm32.13.3.rel1.win32_1.0.100.202509120712/tools/bin/../lib/gcc/arm-none-eabi/13.3.1/thumb/v7e-m+fp/hard/crtbegin.o

.rodata         0x08005970       0x6c
                0x08005970                        . = ALIGN (0x4)
 *(.rodata)
 .rodata        0x08005970       0x36 ./Core/Src/main.o
 *fill*         0x080059a6        0x2 
 .rodata        0x080059a8        0x5 ./ThirdParty/FreeRtos/tasks.o
 *fill*         0x080059ad        0x3 
 .rodata        0x080059b0        0xd ./ThirdParty/FreeRtos/timers.o
 *(.rodata*)
 *fill*         0x080059bd        0x3 
 .rodata.AHBPrescTable
                0x080059c0       0x10 ./Core/Src/system_stm32f4xx.o
                0x080059c0                AHBPrescTable
 .rodata.APBPrescTable
                0x080059d0        0x8 ./Core/Src/system_stm32f4xx.o
                0x080059d0                APBPrescTable
 .rodata.uxTopUsedPriority
                0x080059d8        0x4 ./ThirdParty/FreeRtos/tasks.o
                0x080059d8                uxTopUsedPriority
                0x080059dc                        . = ALIGN (0x4)

.ARM.extab      0x080059dc        0x0
                0x080059dc                        . = ALIGN (0x4)
 *(.ARM.extab* .gnu.linkonce.armextab.*)
                0x080059dc                        . = ALIGN (0x4)

.ARM            0x080059dc        0x8
                0x080059dc                        . = ALIGN (0x4)
                0x080059dc                        __exidx_start = .
 *(.ARM.exidx*)
 .ARM.exidx     0x080059dc        0x8 C:/ST/STM32CubeIDE_2.0.0/STM32CubeIDE/plugins/com.st.stm32cube.ide.mcu.externaltools.gnu-tools-for-stm32.13.3.rel1.win32_1.0.100.202509120712/tools/bin/../lib/gcc/arm-none-eabi/13.3.1/thumb/v7e-m+fp/hard\libgcc.a(_udivmoddi4.o)
                0x080059e4                        __exidx_end = .
                0x080059e4                        . = ALIGN (0x4)

.preinit_array  0x080059e4        0x0
                0x080059e4                        . = ALIGN (0x4)
                0x080059e4                        PROVIDE (__preinit_array_start = .)
 *(.preinit_array*)
                0x080059e4                        PROVIDE (__preinit_array_end = .)
                0x080059e4                        . = ALIGN (0x4)

.init_array     0x080059e4        0x4
                0x080059e4                        . = ALIGN (0x4)
                0x080059e4                        PROVIDE (__init_array_start = .)
 *(SORT_BY_NAME(.init_array.*))
 *(.init_array*)
 .init_array    0x080059e4        0x4 C:/ST/STM32CubeIDE_2.0.0/STM32CubeIDE/plugins/com.st.stm32cube.ide.mcu.externaltools.gnu-tools-for-stm32.13.3.rel1.win32_1.0.100.202509120712/tools/bin/../lib/gcc/arm-none-eabi/13.3.1/thumb/v7e-m+fp/hard/crtbegin.o
                0x080059e8                        PROVIDE (__init_array_end = .)
                0x080059e8                        . = ALIGN (0x4)

.fini_array     0x080059e8        0x4
                0x080059e8                        . = ALIGN (0x4)
                [!provide]                        PROVIDE (__fini_array_start = .)
 *(SORT_BY_NAME(.fini_array.*))
 *(.fini_array*)
 .fini_array    0x080059e8        0x4 C:/ST/STM32CubeIDE_2.0.0/STM32CubeIDE/plugins/com.st.stm32cube.ide.mcu.externaltools.gnu-tools-for-stm32.13.3.rel1.win32_1.0.100.202509120712/tools/bin/../lib/gcc/arm-none-eabi/13.3.1/thumb/v7e-m+fp/hard/crtbegin.o
                [!provide]                        PROVIDE (__fini_array_end = .)
                0x080059ec                        . = ALIGN (0x4)
                0x080059ec                        _sidata = LOADADDR (.data)

.rel.dyn        0x080059ec        0x0
 .rel.iplt      0x080059ec        0x0 C:/ST/STM32CubeIDE_2.0.0/STM32CubeIDE/plugins/com.st.stm32cube.ide.mcu.externaltools.gnu-tools-for-stm32.13.3.rel1.win32_1.0.100.202509120712/tools/bin/../lib/gcc/arm-none-eabi/13.3.1/thumb/v7e-m+fp/hard/crtbegin.o

.data           0x20000000       0x6c load address 0x080059ec
                0x20000000                        . = ALIGN (0x4)
                0x20000000                        _sdata = .
 *(.data)
 *(.data*)
 .data.SystemCoreClock
                0x20000000        0x4 ./Core/Src/system_stm32f4xx.o
                0x20000000                SystemCoreClock
 .data.uwTickPrio
                0x20000004        0x4 ./Drivers/STM32F4xx_HAL_Driver/Src/stm32f4xx_hal.o
                0x20000004                uwTickPrio
 .data.uwTickFreq
                0x20000008        0x1 ./Drivers/STM32F4xx_HAL_Driver/Src/stm32f4xx_hal.o
                0x20000008                uwTickFreq
 *fill*         0x20000009        0x3 
 .data.uxCriticalNesting
                0x2000000c        0x4 ./ThirdParty/FreeRtos/portable/GCC/ARM_CM4F/port.o
 .data.__sglue  0x20000010        0xc C:/ST/STM32CubeIDE_2.0.0/STM32CubeIDE/plugins/com.st.stm32cube.ide.mcu.externaltools.gnu-tools-for-stm32.13.3.rel1.win32_1.0.100.202509120712/tools/bin/../lib/gcc/arm-none-eabi/13.3.1/../../../../arm-none-eabi/lib/thumb/v7e-m+fp/hard\libc_nano.a(libc_a-findfp.o)
                0x20000010                __sglue
 .data._impure_ptr
                0x2000001c        0x4 C:/ST/STM32CubeIDE_2.0.0/STM32CubeIDE/plugins/com.st.stm32cube.ide.mcu.externaltools.gnu-tools-for-stm32.13.3.rel1.win32_1.0.100.202509120712/tools/bin/../lib/gcc/arm-none-eabi/13.3.1/../../../../arm-none-eabi/lib/thumb/v7e-m+fp/hard\libc_nano.a(libc_a-impure.o)
                0x2000001c                _impure_ptr
 .data._impure_data
                0x20000020       0x4c C:/ST/STM32CubeIDE_2.0.0/STM32CubeIDE/plugins/com.st.stm32cube.ide.mcu.externaltools.gnu-tools-for-stm32.13.3.rel1.win32_1.0.100.202509120712/tools/bin/../lib/gcc/arm-none-eabi/13.3.1/../../../../arm-none-eabi/lib/thumb/v7e-m+fp/hard\libc_nano.a(libc_a-impure.o)
                0x20000020                _impure_data
 *(.RamFunc)
 *(.RamFunc*)
                0x2000006c                        . = ALIGN (0x4)
                0x2000006c                        _edata = .

.igot.plt       0x2000006c        0x0 load address 0x08005a58
 .igot.plt      0x2000006c        0x0 C:/ST/STM32CubeIDE_2.0.0/STM32CubeIDE/plugins/com.st.stm32cube.ide.mcu.externaltools.gnu-tools-for-stm32.13.3.rel1.win32_1.0.100.202509120712/tools/bin/../lib/gcc/arm-none-eabi/13.3.1/thumb/v7e-m+fp/hard/crtbegin.o
                0x2000006c                        . = ALIGN (0x4)

.bss            0x2000006c    0x12fa8 load address 0x08005a58
                0x2000006c                        _sbss = .
                0x2000006c                        __bss_start__ = _sbss
 *(.bss)
 .bss           0x2000006c       0x1c C:/ST/STM32CubeIDE_2.0.0/STM32CubeIDE/plugins/com.st.stm32cube.ide.mcu.externaltools.gnu-tools-for-stm32.13.3.rel1.win32_1.0.100.202509120712/tools/bin/../lib/gcc/arm-none-eabi/13.3.1/thumb/v7e-m+fp/hard/crtbegin.o
 *(.bss*)
 .bss.huart2    0x20000088       0x48 ./Core/Src/main.o
                0x20000088                huart2
 .bss.htim6     0x200000d0       0x48 ./Core/Src/stm32f4xx_hal_timebase_tim.o
                0x200000d0                htim6
 .bss.__sbrk_heap_end
                0x20000118        0x4 ./Core/Src/sysmem.o
 .bss.uwTick    0x2000011c        0x4 ./Drivers/STM32F4xx_HAL_Driver/Src/stm32f4xx_hal.o
                0x2000011c                uwTick
 .bss.xQueueRegistry
                0x20000120       0x40 ./ThirdParty/FreeRtos/queue.o
                0x20000120                xQueueRegistry
 .bss.pxCurrentTCB
                0x20000160        0x4 ./ThirdParty/FreeRtos/tasks.o
                0x20000160                pxCurrentTCB
 .bss.pxReadyTasksLists
                0x20000164       0x64 ./ThirdParty/FreeRtos/tasks.o
 .bss.xDelayedTaskList1
                0x200001c8       0x14 ./ThirdParty/FreeRtos/tasks.o
 .bss.xDelayedTaskList2
                0x200001dc       0x14 ./ThirdParty/FreeRtos/tasks.o
 .bss.pxDelayedTaskList
                0x200001f0        0x4 ./ThirdParty/FreeRtos/tasks.o
 .bss.pxOverflowDelayedTaskList
                0x200001f4        0x4 ./ThirdParty/FreeRtos/tasks.o
 .bss.xPendingReadyList
                0x200001f8       0x14 ./ThirdParty/FreeRtos/tasks.o
 .bss.xTasksWaitingTermination
                0x2000020c       0x14 ./ThirdParty/FreeRtos/tasks.o
 .bss.uxDeletedTasksWaitingCleanUp
                0x20000220        0x4 ./ThirdParty/FreeRtos/tasks.o
 .bss.xSuspendedTaskList
                0x20000224       0x14 ./ThirdParty/FreeRtos/tasks.o
 .bss.uxCurrentNumberOfTasks
                0x20000238        0x4 ./ThirdParty/FreeRtos/tasks.o
 .bss.xTickCount
                0x2000023c        0x4 ./ThirdParty/FreeRtos/tasks.o
 .bss.uxTopReadyPriority
                0x20000240        0x4 ./ThirdParty/FreeRtos/tasks.o
 .bss.xSchedulerRunning
                0x20000244        0x4 ./ThirdParty/FreeRtos/tasks.o
 .bss.xPendedTicks
                0x20000248        0x4 ./ThirdParty/FreeRtos/tasks.o
 .bss.xYieldPending
                0x2000024c        0x4 ./ThirdParty/FreeRtos/tasks.o
 .bss.xNumOfOverflows
                0x20000250        0x4 ./ThirdParty/FreeRtos/tasks.o
 .bss.uxTaskNumber
                0x20000254        0x4 ./ThirdParty/FreeRtos/tasks.o
 .bss.xNextTaskUnblockTime
                0x20000258        0x4 ./ThirdParty/FreeRtos/tasks.o
 .bss.xIdleTaskHandle
                0x2000025c        0x4 ./ThirdParty/FreeRtos/tasks.o
 .bss.uxSchedulerSuspended
                0x20000260        0x4 ./ThirdParty/FreeRtos/tasks.o
 .bss.xActiveTimerList1
                0x20000264       0x14 ./ThirdParty/FreeRtos/timers.o
 .bss.xActiveTimerList2
                0x20000278       0x14 ./ThirdParty/FreeRtos/timers.o
 .bss.pxCurrentTimerList
                0x2000028c        0x4 ./ThirdParty/FreeRtos/timers.o
 .bss.pxOverflowTimerList
                0x20000290        0x4 ./ThirdParty/FreeRtos/timers.o
 .bss.xTimerQueue
                0x20000294        0x4 ./ThirdParty/FreeRtos/timers.o
 .bss.xTimerTaskHandle
                0x20000298        0x4 ./ThirdParty/FreeRtos/timers.o
 .bss.xLastTime.0
                0x2000029c        0x4 ./ThirdParty/FreeRtos/timers.o
 .bss.ucMaxSysCallPriority
                0x200002a0        0x1 ./ThirdParty/FreeRtos/portable/GCC/ARM_CM4F/port.o
 *fill*         0x200002a1        0x3 
 .bss.ulMaxPRIGROUPValue
                0x200002a4        0x4 ./ThirdParty/FreeRtos/portable/GCC/ARM_CM4F/port.o
 .bss.ucHeap    0x200002a8    0x12c00 ./ThirdParty/FreeRtos/portable/MemMang/heap_4.o
 .bss.xStart    0x20012ea8        0x8 ./ThirdParty/FreeRtos/portable/MemMang/heap_4.o
 .bss.pxEnd     0x20012eb0        0x4 ./ThirdParty/FreeRtos/portable/MemMang/heap_4.o
 .bss.xFreeBytesRemaining
                0x20012eb4        0x4 ./ThirdParty/FreeRtos/portable/MemMang/heap_4.o
 .bss.xMinimumEverFreeBytesRemaining
                0x20012eb8        0x4 ./ThirdParty/FreeRtos/portable/MemMang/heap_4.o
 .bss.xNumberOfSuccessfulAllocations
                0x20012ebc        0x4 ./ThirdParty/FreeRtos/portable/MemMang/heap_4.o
 .bss.xNumberOfSuccessfulFrees
                0x20012ec0        0x4 ./ThirdParty/FreeRtos/portable/MemMang/heap_4.o
 .bss.xBlockAllocatedBit
                0x20012ec4        0x4 ./ThirdParty/FreeRtos/portable/MemMang/heap_4.o
 .bss.__sf      0x20012ec8      0x138 C:/ST/STM32CubeIDE_2.0.0/STM32CubeIDE/plugins/com.st.stm32cube.ide.mcu.externaltools.gnu-tools-for-stm32.13.3.rel1.win32_1.0.100.202509120712/tools/bin/../lib/gcc/arm-none-eabi/13.3.1/../../../../arm-none-eabi/lib/thumb/v7e-m+fp/hard\libc_nano.a(libc_a-findfp.o)
                0x20012ec8                __sf
 .bss.__stdio_exit_handler
                0x20013000        0x4 C:/ST/STM32CubeIDE_2.0.0/STM32CubeIDE/plugins/com.st.stm32cube.ide.mcu.externaltools.gnu-tools-for-stm32.13.3.rel1.win32_1.0.100.202509120712/tools/bin/../lib/gcc/arm-none-eabi/13.3.1/../../../../arm-none-eabi/lib/thumb/v7e-m+fp/hard\libc_nano.a(libc_a-findfp.o)
                0x20013000                __stdio_exit_handler
 .bss.errno     0x20013004        0x4 C:/ST/STM32CubeIDE_2.0.0/STM32CubeIDE/plugins/com.st.stm32cube.ide.mcu.externaltools.gnu-tools-for-stm32.13.3.rel1.win32_1.0.100.202509120712/tools/bin/../lib/gcc/arm-none-eabi/13.3.1/../../../../arm-none-eabi/lib/thumb/v7e-m+fp/hard\libc_nano.a(libc_a-reent.o)
                0x20013004                errno
 .bss.__lock___malloc_recursive_mutex
                0x20013008        0x1 C:/ST/STM32CubeIDE_2.0.0/STM32CubeIDE/plugins/com.st.stm32cube.ide.mcu.externaltools.gnu-tools-for-stm32.13.3.rel1.win32_1.0.100.202509120712/tools/bin/../lib/gcc/arm-none-eabi/13.3.1/../../../../arm-none-eabi/lib/thumb/v7e-m+fp/hard\libc_nano.a(libc_a-lock.o)
                0x20013008                __lock___malloc_recursive_mutex
 .bss.__lock___sfp_recursive_mutex
                0x20013009        0x1 C:/ST/STM32CubeIDE_2.0.0/STM32CubeIDE/plugins/com.st.stm32cube.ide.mcu.externaltools.gnu-tools-for-stm32.13.3.rel1.win32_1.0.100.202509120712/tools/bin/../lib/gcc/arm-none-eabi/13.3.1/../../../../arm-none-eabi/lib/thumb/v7e-m+fp/hard\libc_nano.a(libc_a-lock.o)
                0x20013009                __lock___sfp_recursive_mutex
 *fill*         0x2001300a        0x2 
 .bss.__malloc_sbrk_start
                0x2001300c        0x4 C:/ST/STM32CubeIDE_2.0.0/STM32CubeIDE/plugins/com.st.stm32cube.ide.mcu.externaltools.gnu-tools-for-stm32.13.3.rel1.win32_1.0.100.202509120712/tools/bin/../lib/gcc/arm-none-eabi/13.3.1/../../../../arm-none-eabi/lib/thumb/v7e-m+fp/hard\libc_nano.a(libc_a-mallocr.o)
                0x2001300c                __malloc_sbrk_start
 .bss.__malloc_free_list
                0x20013010        0x4 C:/ST/STM32CubeIDE_2.0.0/STM32CubeIDE/plugins/com.st.stm32cube.ide.mcu.externaltools.gnu-tools-for-stm32.13.3.rel1.win32_1.0.100.202509120712/tools/bin/../lib/gcc/arm-none-eabi/13.3.1/../../../../arm-none-eabi/lib/thumb/v7e-m+fp/hard\libc_nano.a(libc_a-mallocr.o)
                0x20013010                __malloc_free_list
 *(COMMON)
                0x20013014                        . = ALIGN (0x4)
                0x20013014                        _ebss = .
                0x20013014                        __bss_end__ = _ebss

._user_heap_stack
                0x20013014      0x604 load address 0x08005a58
                0x20013018                        . = ALIGN (0x8)
 *fill*         0x20013014        0x4 
                [!provide]                        PROVIDE (end = .)
                0x20013018                        PROVIDE (_end = .)
                0x20013218                        . = (. + _Min_Heap_Size)
 *fill*         0x20013018      0x200 
                0x20013618                        . = (. + _Min_Stack_Size)
 *fill*         0x20013218      0x400 
                0x20013618                        . = ALIGN (0x8)

/DISCARD/
 libc.a(*)
 libm.a(*)
 libgcc.a(*)

.ARM.attributes
                0x00000000       0x30
 *(.ARM.attributes)
 .ARM.attributes
                0x00000000       0x22 C:/ST/STM32CubeIDE_2.0.0/STM32CubeIDE/plugins/com.st.stm32cube.ide.mcu.externaltools.gnu-tools-for-stm32.13.3.rel1.win32_1.0.100.202509120712/tools/bin/../lib/gcc/arm-none-eabi/13.3.1/thumb/v7e-m+fp/hard/crti.o
 .ARM.attributes
                0x00000022       0x34 C:/ST/STM32CubeIDE_2.0.0/STM32CubeIDE/plugins/com.st.stm32cube.ide.mcu.externaltools.gnu-tools-for-stm32.13.3.rel1.win32_1.0.100.202509120712/tools/bin/../lib/gcc/arm-none-eabi/13.3.1/thumb/v7e-m+fp/hard/crtbegin.o
 .ARM.attributes
                0x00000056       0x34 ./Core/Src/main.o
 .ARM.attributes
                0x0000008a       0x34 ./Core/Src/stm32f4xx_hal_msp.o
 .ARM.attributes
                0x000000be       0x34 ./Core/Src/stm32f4xx_hal_timebase_tim.o
 .ARM.attributes
                0x000000f2       0x34 ./Core/Src/stm32f4xx_it.o
 .ARM.attributes
                0x00000126       0x34 ./Core/Src/syscalls.o
 .ARM.attributes
                0x0000015a       0x34 ./Core/Src/sysmem.o
 .ARM.attributes
                0x0000018e       0x34 ./Core/Src/system_stm32f4xx.o
 .ARM.attributes
                0x000001c2       0x21 ./Core/Startup/startup_stm32f446retx.o
 .ARM.attributes
                0x000001e3       0x34 ./Drivers/STM32F4xx_HAL_Driver/Src/stm32f4xx_hal.o
 .ARM.attributes
                0x00000217       0x34 ./Drivers/STM32F4xx_HAL_Driver/Src/stm32f4xx_hal_cortex.o
 .ARM.attributes
                0x0000024b       0x34 ./Drivers/STM32F4xx_HAL_Driver/Src/stm32f4xx_hal_gpio.o
 .ARM.attributes
                0x0000027f       0x34 ./Drivers/STM32F4xx_HAL_Driver/Src/stm32f4xx_hal_rcc.o
 .ARM.attributes
                0x000002b3       0x34 ./Drivers/STM32F4xx_HAL_Driver/Src/stm32f4xx_hal_rcc_ex.o
 .ARM.attributes
                0x000002e7       0x34 ./Drivers/STM32F4xx_HAL_Driver/Src/stm32f4xx_hal_tim.o
 .ARM.attributes
                0x0000031b       0x34 ./Drivers/STM32F4xx_HAL_Driver/Src/stm32f4xx_hal_tim_ex.o
 .ARM.attributes
                0x0000034f       0x34 ./Drivers/STM32F4xx_HAL_Driver/Src/stm32f4xx_hal_uart.o
 .ARM.attributes
                0x00000383       0x34 ./ThirdParty/FreeRtos/list.o
 .ARM.attributes
                0x000003b7       0x34 ./ThirdParty/FreeRtos/queue.o
 .ARM.attributes
                0x000003eb       0x34 ./ThirdParty/FreeRtos/tasks.o
 .ARM.attributes
                0x0000041f       0x34 ./ThirdParty/FreeRtos/timers.o
 .ARM.attributes
                0x00000453       0x34 ./ThirdParty/FreeRtos/portable/GCC/ARM_CM4F/port.o
 .ARM.attributes
                0x00000487       0x34 ./ThirdParty/FreeRtos/portable/MemMang/heap_4.o
 .ARM.attributes
                0x000004bb       0x34 C:/ST/STM32CubeIDE_2.0.0/STM32CubeIDE/plugins/com.st.stm32cube.ide.mcu.externaltools.gnu-tools-for-stm32.13.3.rel1.win32_1.0.100.202509120712/tools/bin/../lib/gcc/arm-none-eabi/13.3.1/../../../../arm-none-eabi/lib/thumb/v7e-m+fp/hard\libc_nano.a(libc_a-findfp.o)
 .ARM.attributes
                0x000004ef       0x34 C:/ST/STM32CubeIDE_2.0.0/STM32CubeIDE/plugins/com.st.stm32cube.ide.mcu.externaltools.gnu-tools-for-stm32.13.3.rel1.win32_1.0.100.202509120712/tools/bin/../lib/gcc/arm-none-eabi/13.3.1/../../../../arm-none-eabi/lib/thumb/v7e-m+fp/hard\libc_nano.a(libc_a-fwalk.o)
 .ARM.attributes
                0x00000523       0x34 C:/ST/STM32CubeIDE_2.0.0/STM32CubeIDE/plugins/com.st.stm32cube.ide.mcu.externaltools.gnu-tools-for-stm32.13.3.rel1.win32_1.0.100.202509120712/tools/bin/../lib/gcc/arm-none-eabi/13.3.1/../../../../arm-none-eabi/lib/thumb/v7e-m+fp/hard\libc_nano.a(libc_a-puts.o)
 .ARM.attributes
                0x00000557       0x34 C:/ST/STM32CubeIDE_2.0.0/STM32CubeIDE/plugins/com.st.stm32cube.ide.mcu.externaltools.gnu-tools-for-stm32.13.3.rel1.win32_1.0.100.202509120712/tools/bin/../lib/gcc/arm-none-eabi/13.3.1/../../../../arm-none-eabi/lib/thumb/v7e-m+fp/hard\libc_nano.a(libc_a-stdio.o)
 .ARM.attributes
                0x0000058b       0x34 C:/ST/STM32CubeIDE_2.0.0/STM32CubeIDE/plugins/com.st.stm32cube.ide.mcu.externaltools.gnu-tools-for-stm32.13.3.rel1.win32_1.0.100.202509120712/tools/bin/../lib/gcc/arm-none-eabi/13.3.1/../../../../arm-none-eabi/lib/thumb/v7e-m+fp/hard\libc_nano.a(libc_a-wbuf.o)
 .ARM.attributes
                0x000005bf       0x34 C:/ST/STM32CubeIDE_2.0.0/STM32CubeIDE/plugins/com.st.stm32cube.ide.mcu.externaltools.gnu-tools-for-stm32.13.3.rel1.win32_1.0.100.202509120712/tools/bin/../lib/gcc/arm-none-eabi/13.3.1/../../../../arm-none-eabi/lib/thumb/v7e-m+fp/hard\libc_nano.a(libc_a-wsetup.o)
 .ARM.attributes
                0x000005f3       0x34 C:/ST/STM32CubeIDE_2.0.0/STM32CubeIDE/plugins/com.st.stm32cube.ide.mcu.externaltools.gnu-tools-for-stm32.13.3.rel1.win32_1.0.100.202509120712/tools/bin/../lib/gcc/arm-none-eabi/13.3.1/../../../../arm-none-eabi/lib/thumb/v7e-m+fp/hard\libc_nano.a(libc_a-memset.o)
 .ARM.attributes
                0x00000627       0x34 C:/ST/STM32CubeIDE_2.0.0/STM32CubeIDE/plugins/com.st.stm32cube.ide.mcu.externaltools.gnu-tools-for-stm32.13.3.rel1.win32_1.0.100.202509120712/tools/bin/../lib/gcc/arm-none-eabi/13.3.1/../../../../arm-none-eabi/lib/thumb/v7e-m+fp/hard\libc_nano.a(libc_a-closer.o)
 .ARM.attributes
                0x0000065b       0x34 C:/ST/STM32CubeIDE_2.0.0/STM32CubeIDE/plugins/com.st.stm32cube.ide.mcu.externaltools.gnu-tools-for-stm32.13.3.rel1.win32_1.0.100.202509120712/tools/bin/../lib/gcc/arm-none-eabi/13.3.1/../../../../arm-none-eabi/lib/thumb/v7e-m+fp/hard\libc_nano.a(libc_a-reent.o)
 .ARM.attributes
                0x0000068f       0x34 C:/ST/STM32CubeIDE_2.0.0/STM32CubeIDE/plugins/com.st.stm32cube.ide.mcu.externaltools.gnu-tools-for-stm32.13.3.rel1.win32_1.0.100.202509120712/tools/bin/../lib/gcc/arm-none-eabi/13.3.1/../../../../arm-none-eabi/lib/thumb/v7e-m+fp/hard\libc_nano.a(libc_a-impure.o)
 .ARM.attributes
                0x000006c3       0x34 C:/ST/STM32CubeIDE_2.0.0/STM32CubeIDE/plugins/com.st.stm32cube.ide.mcu.externaltools.gnu-tools-for-stm32.13.3.rel1.win32_1.0.100.202509120712/tools/bin/../lib/gcc/arm-none-eabi/13.3.1/../../../../arm-none-eabi/lib/thumb/v7e-m+fp/hard\libc_nano.a(libc_a-lseekr.o)
 .ARM.attributes
                0x000006f7       0x34 C:/ST/STM32CubeIDE_2.0.0/STM32CubeIDE/plugins/com.st.stm32cube.ide.mcu.externaltools.gnu-tools-for-stm32.13.3.rel1.win32_1.0.100.202509120712/tools/bin/../lib/gcc/arm-none-eabi/13.3.1/../../../../arm-none-eabi/lib/thumb/v7e-m+fp/hard\libc_nano.a(libc_a-readr.o)
 .ARM.attributes
                0x0000072b       0x34 C:/ST/STM32CubeIDE_2.0.0/STM32CubeIDE/plugins/com.st.stm32cube.ide.mcu.externaltools.gnu-tools-for-stm32.13.3.rel1.win32_1.0.100.202509120712/tools/bin/../lib/gcc/arm-none-eabi/13.3.1/../../../../arm-none-eabi/lib/thumb/v7e-m+fp/hard\libc_nano.a(libc_a-writer.o)
 .ARM.attributes
                0x0000075f       0x34 C:/ST/STM32CubeIDE_2.0.0/STM32CubeIDE/plugins/com.st.stm32cube.ide.mcu.externaltools.gnu-tools-for-stm32.13.3.rel1.win32_1.0.100.202509120712/tools/bin/../lib/gcc/arm-none-eabi/13.3.1/../../../../arm-none-eabi/lib/thumb/v7e-m+fp/hard\libc_nano.a(libc_a-errno.o)
 .ARM.attributes
                0x00000793       0x34 C:/ST/STM32CubeIDE_2.0.0/STM32CubeIDE/plugins/com.st.stm32cube.ide.mcu.externaltools.gnu-tools-for-stm32.13.3.rel1.win32_1.0.100.202509120712/tools/bin/../lib/gcc/arm-none-eabi/13.3.1/../../../../arm-none-eabi/lib/thumb/v7e-m+fp/hard\libc_nano.a(libc_a-init.o)
 .ARM.attributes
                0x000007c7       0x34 C:/ST/STM32CubeIDE_2.0.0/STM32CubeIDE/plugins/com.st.stm32cube.ide.mcu.externaltools.gnu-tools-for-stm32.13.3.rel1.win32_1.0.100.202509120712/tools/bin/../lib/gcc/arm-none-eabi/13.3.1/../../../../arm-none-eabi/lib/thumb/v7e-m+fp/hard\libc_nano.a(libc_a-lock.o)
 .ARM.attributes
                0x000007fb       0x34 C:/ST/STM32CubeIDE_2.0.0/STM32CubeIDE/plugins/com.st.stm32cube.ide.mcu.externaltools.gnu-tools-for-stm32.13.3.rel1.win32_1.0.100.202509120712/tools/bin/../lib/gcc/arm-none-eabi/13.3.1/../../../../arm-none-eabi/lib/thumb/v7e-m+fp/hard\libc_nano.a(libc_a-memcpy-stub.o)
 .ARM.attributes
                0x0000082f       0x34 C:/ST/STM32CubeIDE_2.0.0/STM32CubeIDE/plugins/com.st.stm32cube.ide.mcu.externaltools.gnu-tools-for-stm32.13.3.rel1.win32_1.0.100.202509120712/tools/bin/../lib/gcc/arm-none-eabi/13.3.1/../../../../arm-none-eabi/lib/thumb/v7e-m+fp/hard\libc_nano.a(libc_a-freer.o)
 .ARM.attributes
                0x00000863       0x34 C:/ST/STM32CubeIDE_2.0.0/STM32CubeIDE/plugins/com.st.stm32cube.ide.mcu.externaltools.gnu-tools-for-stm32.13.3.rel1.win32_1.0.100.202509120712/tools/bin/../lib/gcc/arm-none-eabi/13.3.1/../../../../arm-none-eabi/lib/thumb/v7e-m+fp/hard\libc_nano.a(libc_a-mallocr.o)
 .ARM.attributes
                0x00000897       0x34 C:/ST/STM32CubeIDE_2.0.0/STM32CubeIDE/plugins/com.st.stm32cube.ide.mcu.externaltools.gnu-tools-for-stm32.13.3.rel1.win32_1.0.100.202509120712/tools/bin/../lib/gcc/arm-none-eabi/13.3.1/../../../../arm-none-eabi/lib/thumb/v7e-m+fp/hard\libc_nano.a(libc_a-mlock.o)
 .ARM.attributes
                0x000008cb       0x34 C:/ST/STM32CubeIDE_2.0.0/STM32CubeIDE/plugins/com.st.stm32cube.ide.mcu.externaltools.gnu-tools-for-stm32.13.3.rel1.win32_1.0.100.202509120712/tools/bin/../lib/gcc/arm-none-eabi/13.3.1/../../../../arm-none-eabi/lib/thumb/v7e-m+fp/hard\libc_nano.a(libc_a-fflush.o)
 .ARM.attributes
                0x000008ff       0x34 C:/ST/STM32CubeIDE_2.0.0/STM32CubeIDE/plugins/com.st.stm32cube.ide.mcu.externaltools.gnu-tools-for-stm32.13.3.rel1.win32_1.0.100.202509120712/tools/bin/../lib/gcc/arm-none-eabi/13.3.1/../../../../arm-none-eabi/lib/thumb/v7e-m+fp/hard\libc_nano.a(libc_a-makebuf.o)
 .ARM.attributes
                0x00000933       0x34 C:/ST/STM32CubeIDE_2.0.0/STM32CubeIDE/plugins/com.st.stm32cube.ide.mcu.externaltools.gnu-tools-for-stm32.13.3.rel1.win32_1.0.100.202509120712/tools/bin/../lib/gcc/arm-none-eabi/13.3.1/../../../../arm-none-eabi/lib/thumb/v7e-m+fp/hard\libc_nano.a(libc_a-fstatr.o)
 .ARM.attributes
                0x00000967       0x34 C:/ST/STM32CubeIDE_2.0.0/STM32CubeIDE/plugins/com.st.stm32cube.ide.mcu.externaltools.gnu-tools-for-stm32.13.3.rel1.win32_1.0.100.202509120712/tools/bin/../lib/gcc/arm-none-eabi/13.3.1/../../../../arm-none-eabi/lib/thumb/v7e-m+fp/hard\libc_nano.a(libc_a-isattyr.o)
 .ARM.attributes
                0x0000099b       0x34 C:/ST/STM32CubeIDE_2.0.0/STM32CubeIDE/plugins/com.st.stm32cube.ide.mcu.externaltools.gnu-tools-for-stm32.13.3.rel1.win32_1.0.100.202509120712/tools/bin/../lib/gcc/arm-none-eabi/13.3.1/../../../../arm-none-eabi/lib/thumb/v7e-m+fp/hard\libc_nano.a(libc_a-sbrkr.o)
 .ARM.attributes
                0x000009cf       0x22 C:/ST/STM32CubeIDE_2.0.0/STM32CubeIDE/plugins/com.st.stm32cube.ide.mcu.externaltools.gnu-tools-for-stm32.13.3.rel1.win32_1.0.100.202509120712/tools/bin/../lib/gcc/arm-none-eabi/13.3.1/thumb/v7e-m+fp/hard\libgcc.a(_aeabi_uldivmod.o)
 .ARM.attributes
                0x000009f1       0x34 C:/ST/STM32CubeIDE_2.0.0/STM32CubeIDE/plugins/com.st.stm32cube.ide.mcu.externaltools.gnu-tools-for-stm32.13.3.rel1.win32_1.0.100.202509120712/tools/bin/../lib/gcc/arm-none-eabi/13.3.1/thumb/v7e-m+fp/hard\libgcc.a(_udivmoddi4.o)
 .ARM.attributes
                0x00000a25       0x22 C:/ST/STM32CubeIDE_2.0.0/STM32CubeIDE/plugins/com.st.stm32cube.ide.mcu.externaltools.gnu-tools-for-stm32.13.3.rel1.win32_1.0.100.202509120712/tools/bin/../lib/gcc/arm-none-eabi/13.3.1/thumb/v7e-m+fp/hard\libgcc.a(_dvmd_tls.o)
 .ARM.attributes
                0x00000a47       0x22 C:/ST/STM32CubeIDE_2.0.0/STM32CubeIDE/plugins/com.st.stm32cube.ide.mcu.externaltools.gnu-tools-for-stm32.13.3.rel1.win32_1.0.100.202509120712/tools/bin/../lib/gcc/arm-none-eabi/13.3.1/thumb/v7e-m+fp/hard/crtn.o
OUTPUT(RTOS_1.elf elf32-littlearm)
LOAD linker stubs
LOAD C:/ST/STM32CubeIDE_2.0.0/STM32CubeIDE/plugins/com.st.stm32cube.ide.mcu.externaltools.gnu-tools-for-stm32.13.3.rel1.win32_1.0.100.202509120712/tools/bin/../lib/gcc/arm-none-eabi/13.3.1/../../../../arm-none-eabi/lib/thumb/v7e-m+fp/hard\libc.a
LOAD C:/ST/STM32CubeIDE_2.0.0/STM32CubeIDE/plugins/com.st.stm32cube.ide.mcu.externaltools.gnu-tools-for-stm32.13.3.rel1.win32_1.0.100.202509120712/tools/bin/../lib/gcc/arm-none-eabi/13.3.1/../../../../arm-none-eabi/lib/thumb/v7e-m+fp/hard\libm.a
LOAD C:/ST/STM32CubeIDE_2.0.0/STM32CubeIDE/plugins/com.st.stm32cube.ide.mcu.externaltools.gnu-tools-for-stm32.13.3.rel1.win32_1.0.100.202509120712/tools/bin/../lib/gcc/arm-none-eabi/13.3.1/thumb/v7e-m+fp/hard\libgcc.a

.debug_info     0x00000000    0x12c02
 .debug_info    0x00000000     0x10f5 ./Core/Src/main.o
 .debug_info    0x000010f5      0x919 ./Core/Src/stm32f4xx_hal_msp.o
 .debug_info    0x00001a0e      0xc44 ./Core/Src/stm32f4xx_hal_timebase_tim.o
 .debug_info    0x00002652      0x6ab ./Core/Src/stm32f4xx_it.o
 .debug_info    0x00002cfd      0x6d1 ./Core/Src/syscalls.o
 .debug_info    0x000033ce      0x168 ./Core/Src/sysmem.o
 .debug_info    0x00003536      0x54a ./Core/Src/system_stm32f4xx.o
 .debug_info    0x00003a80       0x30 ./Core/Startup/startup_stm32f446retx.o
 .debug_info    0x00003ab0      0x99a ./Drivers/STM32F4xx_HAL_Driver/Src/stm32f4xx_hal.o
 .debug_info    0x0000444a      0xdaa ./Drivers/STM32F4xx_HAL_Driver/Src/stm32f4xx_hal_cortex.o
 .debug_info    0x000051f4      0x70b ./Drivers/STM32F4xx_HAL_Driver/Src/stm32f4xx_hal_gpio.o
 .debug_info    0x000058ff      0x8ff ./Drivers/STM32F4xx_HAL_Driver/Src/stm32f4xx_hal_rcc.o
 .debug_info    0x000061fe      0x960 ./Drivers/STM32F4xx_HAL_Driver/Src/stm32f4xx_hal_rcc_ex.o
 .debug_info    0x00006b5e     0x299d ./Drivers/STM32F4xx_HAL_Driver/Src/stm32f4xx_hal_tim.o
 .debug_info    0x000094fb     0x14db ./Drivers/STM32F4xx_HAL_Driver/Src/stm32f4xx_hal_tim_ex.o
 .debug_info    0x0000a9d6     0x2f4f ./Drivers/STM32F4xx_HAL_Driver/Src/stm32f4xx_hal_uart.o
 .debug_info    0x0000d925      0x2af ./ThirdParty/FreeRtos/list.o
 .debug_info    0x0000dbd4     0x17d9 ./ThirdParty/FreeRtos/queue.o
 .debug_info    0x0000f3ad     0x206a ./ThirdParty/FreeRtos/tasks.o
 .debug_info    0x00011417      0xe4d ./ThirdParty/FreeRtos/timers.o
 .debug_info    0x00012264      0x4c9 ./ThirdParty/FreeRtos/portable/GCC/ARM_CM4F/port.o
 .debug_info    0x0001272d      0x4d5 ./ThirdParty/FreeRtos/portable/MemMang/heap_4.o

.debug_abbrev   0x00000000     0x2ea9
 .debug_abbrev  0x00000000      0x331 ./Core/Src/main.o
 .debug_abbrev  0x00000331      0x1ad ./Core/Src/stm32f4xx_hal_msp.o
 .debug_abbrev  0x000004de      0x1f4 ./Core/Src/stm32f4xx_hal_timebase_tim.o
 .debug_abbrev  0x000006d2      0x17d ./Core/Src/stm32f4xx_it.o
 .debug_abbrev  0x0000084f      0x1b1 ./Core/Src/syscalls.o
 .debug_abbrev  0x00000a00       0xbc ./Core/Src/sysmem.o
 .debug_abbrev  0x00000abc      0x11a ./Core/Src/system_stm32f4xx.o
 .debug_abbrev  0x00000bd6       0x24 ./Core/Startup/startup_stm32f446retx.o
 .debug_abbrev  0x00000bfa      0x214 ./Drivers/STM32F4xx_HAL_Driver/Src/stm32f4xx_hal.o
 .debug_abbrev  0x00000e0e      0x31d ./Drivers/STM32F4xx_HAL_Driver/Src/stm32f4xx_hal_cortex.o
 .debug_abbrev  0x0000112b      0x1d4 ./Drivers/STM32F4xx_HAL_Driver/Src/stm32f4xx_hal_gpio.o
 .debug_abbrev  0x000012ff      0x2b7 ./Drivers/STM32F4xx_HAL_Driver/Src/stm32f4xx_hal_rcc.o
 .debug_abbrev  0x000015b6      0x211 ./Drivers/STM32F4xx_HAL_Driver/Src/stm32f4xx_hal_rcc_ex.o
 .debug_abbrev  0x000017c7      0x278 ./Drivers/STM32F4xx_HAL_Driver/Src/stm32f4xx_hal_tim.o
 .debug_abbrev  0x00001a3f      0x283 ./Drivers/STM32F4xx_HAL_Driver/Src/stm32f4xx_hal_tim_ex.o
 .debug_abbrev  0x00001cc2      0x30e ./Drivers/STM32F4xx_HAL_Driver/Src/stm32f4xx_hal_uart.o
 .debug_abbrev  0x00001fd0       0xf5 ./ThirdParty/FreeRtos/list.o
 .debug_abbrev  0x000020c5      0x323 ./ThirdParty/FreeRtos/queue.o
 .debug_abbrev  0x000023e8      0x37e ./ThirdParty/FreeRtos/tasks.o
 .debug_abbrev  0x00002766      0x2de ./ThirdParty/FreeRtos/timers.o
 .debug_abbrev  0x00002a44      0x247 ./ThirdParty/FreeRtos/portable/GCC/ARM_CM4F/port.o
 .debug_abbrev  0x00002c8b      0x21e ./ThirdParty/FreeRtos/portable/MemMang/heap_4.o

.debug_aranges  0x00000000     0x11f8
 .debug_aranges
                0x00000000       0x58 ./Core/Src/main.o
 .debug_aranges
                0x00000058       0x30 ./Core/Src/stm32f4xx_hal_msp.o
 .debug_aranges
                0x00000088       0x30 ./Core/Src/stm32f4xx_hal_timebase_tim.o
 .debug_aranges
                0x000000b8       0x50 ./Core/Src/stm32f4xx_it.o
 .debug_aranges
                0x00000108       0xb0 ./Core/Src/syscalls.o
 .debug_aranges
                0x000001b8       0x20 ./Core/Src/sysmem.o
 .debug_aranges
                0x000001d8       0x28 ./Core/Src/system_stm32f4xx.o
 .debug_aranges
                0x00000200       0x28 ./Core/Startup/startup_stm32f446retx.o
 .debug_aranges
                0x00000228       0xf0 ./Drivers/STM32F4xx_HAL_Driver/Src/stm32f4xx_hal.o
 .debug_aranges
                0x00000318      0x130 ./Drivers/STM32F4xx_HAL_Driver/Src/stm32f4xx_hal_cortex.o
 .debug_aranges
                0x00000448       0x58 ./Drivers/STM32F4xx_HAL_Driver/Src/stm32f4xx_hal_gpio.o
 .debug_aranges
                0x000004a0       0x88 ./Drivers/STM32F4xx_HAL_Driver/Src/stm32f4xx_hal_rcc.o
 .debug_aranges
                0x00000528       0x78 ./Drivers/STM32F4xx_HAL_Driver/Src/stm32f4xx_hal_rcc_ex.o
 .debug_aranges
                0x000005a0      0x3d0 ./Drivers/STM32F4xx_HAL_Driver/Src/stm32f4xx_hal_tim.o
 .debug_aranges
                0x00000970      0x168 ./Drivers/STM32F4xx_HAL_Driver/Src/stm32f4xx_hal_tim_ex.o
 .debug_aranges
                0x00000ad8      0x208 ./Drivers/STM32F4xx_HAL_Driver/Src/stm32f4xx_hal_uart.o
 .debug_aranges
                0x00000ce0       0x40 ./ThirdParty/FreeRtos/list.o
 .debug_aranges
                0x00000d20      0x130 ./ThirdParty/FreeRtos/queue.o
 .debug_aranges
                0x00000e50      0x1f8 ./ThirdParty/FreeRtos/tasks.o
 .debug_aranges
                0x00001048       0xd8 ./ThirdParty/FreeRtos/timers.o
 .debug_aranges
                0x00001120       0x80 ./ThirdParty/FreeRtos/portable/GCC/ARM_CM4F/port.o
 .debug_aranges
                0x000011a0       0x58 ./ThirdParty/FreeRtos/portable/MemMang/heap_4.o

.debug_rnglists
                0x00000000      0xdf4
 .debug_rnglists
                0x00000000       0x40 ./Core/Src/main.o
 .debug_rnglists
                0x00000040       0x20 ./Core/Src/stm32f4xx_hal_msp.o
 .debug_rnglists
                0x00000060       0x20 ./Core/Src/stm32f4xx_hal_timebase_tim.o
 .debug_rnglists
                0x00000080       0x37 ./Core/Src/stm32f4xx_it.o
 .debug_rnglists
                0x000000b7       0x7f ./Core/Src/syscalls.o
 .debug_rnglists
                0x00000136       0x13 ./Core/Src/sysmem.o
 .debug_rnglists
                0x00000149       0x1a ./Core/Src/system_stm32f4xx.o
 .debug_rnglists
                0x00000163       0x19 ./Core/Startup/startup_stm32f446retx.o
 .debug_rnglists
                0x0000017c       0xaf ./Drivers/STM32F4xx_HAL_Driver/Src/stm32f4xx_hal.o
 .debug_rnglists
                0x0000022b       0xe0 ./Drivers/STM32F4xx_HAL_Driver/Src/stm32f4xx_hal_cortex.o
 .debug_rnglists
                0x0000030b       0x3f ./Drivers/STM32F4xx_HAL_Driver/Src/stm32f4xx_hal_gpio.o
 .debug_rnglists
                0x0000034a       0x66 ./Drivers/STM32F4xx_HAL_Driver/Src/stm32f4xx_hal_rcc.o
 .debug_rnglists
                0x000003b0       0x5e ./Drivers/STM32F4xx_HAL_Driver/Src/stm32f4xx_hal_rcc_ex.o
 .debug_rnglists
                0x0000040e      0x31a ./Drivers/STM32F4xx_HAL_Driver/Src/stm32f4xx_hal_tim.o
 .debug_rnglists
                0x00000728      0x125 ./Drivers/STM32F4xx_HAL_Driver/Src/stm32f4xx_hal_tim_ex.o
 .debug_rnglists
                0x0000084d      0x1bc ./Drivers/STM32F4xx_HAL_Driver/Src/stm32f4xx_hal_uart.o
 .debug_rnglists
                0x00000a09       0x2b ./ThirdParty/FreeRtos/list.o
 .debug_rnglists
                0x00000a34       0xeb ./ThirdParty/FreeRtos/queue.o
 .debug_rnglists
                0x00000b1f      0x193 ./ThirdParty/FreeRtos/tasks.o
 .debug_rnglists
                0x00000cb2       0xa3 ./ThirdParty/FreeRtos/timers.o
 .debug_rnglists
                0x00000d55       0x5d ./ThirdParty/FreeRtos/portable/GCC/ARM_CM4F/port.o
 .debug_rnglists
                0x00000db2       0x42 ./ThirdParty/FreeRtos/portable/MemMang/heap_4.o

.debug_macro    0x00000000    0x24333
 .debug_macro   0x00000000      0x31d ./Core/Src/main.o
 .debug_macro   0x0000031d      0xad8 ./Core/Src/main.o
 .debug_macro   0x00000df5      0x29b ./Core/Src/main.o
 .debug_macro   0x00001090       0x2e ./Core/Src/main.o
 .debug_macro   0x000010be       0x28 ./Core/Src/main.o
 .debug_macro   0x000010e6       0x22 ./Core/Src/main.o
 .debug_macro   0x00001108       0x8e ./Core/Src/main.o
 .debug_macro   0x00001196       0x51 ./Core/Src/main.o
 .debug_macro   0x000011e7      0x103 ./Core/Src/main.o
 .debug_macro   0x000012ea       0x6a ./Core/Src/main.o
 .debug_macro   0x00001354      0x1df ./Core/Src/main.o
 .debug_macro   0x00001533       0x1c ./Core/Src/main.o
 .debug_macro   0x0000154f       0x22 ./Core/Src/main.o
 .debug_macro   0x00001571       0xfb ./Core/Src/main.o
 .debug_macro   0x0000166c     0x1011 ./Core/Src/main.o
 .debug_macro   0x0000267d      0x11f ./Core/Src/main.o
 .debug_macro   0x0000279c    0x1675e ./Core/Src/main.o
 .debug_macro   0x00018efa       0x6d ./Core/Src/main.o
 .debug_macro   0x00018f67     0x3693 ./Core/Src/main.o
 .debug_macro   0x0001c5fa      0x190 ./Core/Src/main.o
 .debug_macro   0x0001c78a       0x5c ./Core/Src/main.o
 .debug_macro   0x0001c7e6      0xca5 ./Core/Src/main.o
 .debug_macro   0x0001d48b      0x9e9 ./Core/Src/main.o
 .debug_macro   0x0001de74      0x115 ./Core/Src/main.o
 .debug_macro   0x0001df89      0x1a0 ./Core/Src/main.o
 .debug_macro   0x0001e129       0xa5 ./Core/Src/main.o
 .debug_macro   0x0001e1ce      0x16d ./Core/Src/main.o
 .debug_macro   0x0001e33b      0x287 ./Core/Src/main.o
 .debug_macro   0x0001e5c2       0x5f ./Core/Src/main.o
 .debug_macro   0x0001e621      0x236 ./Core/Src/main.o
 .debug_macro   0x0001e857      0x132 ./Core/Src/main.o
 .debug_macro   0x0001e989      0x29c ./Core/Src/main.o
 .debug_macro   0x0001ec25       0x2e ./Core/Src/main.o
 .debug_macro   0x0001ec53      0x127 ./Core/Src/main.o
 .debug_macro   0x0001ed7a       0xe8 ./Core/Src/main.o
 .debug_macro   0x0001ee62       0x89 ./Core/Src/main.o
 .debug_macro   0x0001eeeb      0x8ed ./Core/Src/main.o
 .debug_macro   0x0001f7d8       0x53 ./Core/Src/main.o
 .debug_macro   0x0001f82b      0x2aa ./Core/Src/main.o
 .debug_macro   0x0001fad5      0x126 ./Core/Src/main.o
 .debug_macro   0x0001fbfb       0x58 ./Core/Src/main.o
 .debug_macro   0x0001fc53       0x61 ./Core/Src/main.o
 .debug_macro   0x0001fcb4       0x2a ./Core/Src/main.o
 .debug_macro   0x0001fcde       0x43 ./Core/Src/main.o
 .debug_macro   0x0001fd21       0x34 ./Core/Src/main.o
 .debug_macro   0x0001fd55       0x16 ./Core/Src/main.o
 .debug_macro   0x0001fd6b       0x3c ./Core/Src/main.o
 .debug_macro   0x0001fda7      0x370 ./Core/Src/main.o
 .debug_macro   0x00020117       0x10 ./Core/Src/main.o
 .debug_macro   0x00020127       0x16 ./Core/Src/main.o
 .debug_macro   0x0002013d       0x4a ./Core/Src/main.o
 .debug_macro   0x00020187       0x34 ./Core/Src/main.o
 .debug_macro   0x000201bb       0x10 ./Core/Src/main.o
 .debug_macro   0x000201cb       0x58 ./Core/Src/main.o
 .debug_macro   0x00020223       0x8e ./Core/Src/main.o
 .debug_macro   0x000202b1       0x1c ./Core/Src/main.o
 .debug_macro   0x000202cd      0x185 ./Core/Src/main.o
 .debug_macro   0x00020452       0x16 ./Core/Src/main.o
 .debug_macro   0x00020468       0x16 ./Core/Src/main.o
 .debug_macro   0x0002047e      0x146 ./Core/Src/main.o
 .debug_macro   0x000205c4      0x106 ./Core/Src/main.o
 .debug_macro   0x000206ca      0x15a ./Core/Src/main.o
 .debug_macro   0x00020824       0xea ./Core/Src/main.o
 .debug_macro   0x0002090e       0x1c ./Core/Src/main.o
 .debug_macro   0x0002092a       0x26 ./Core/Src/main.o
 .debug_macro   0x00020950      0x4fd ./Core/Src/main.o
 .debug_macro   0x00020e4d       0xb5 ./Core/Src/main.o
 .debug_macro   0x00020f02      0x120 ./Core/Src/main.o
 .debug_macro   0x00021022      0x1dd ./Core/Src/stm32f4xx_hal_msp.o
 .debug_macro   0x000211ff      0x1ce ./Core/Src/stm32f4xx_hal_timebase_tim.o
 .debug_macro   0x000213cd      0x1e7 ./Core/Src/stm32f4xx_it.o
 .debug_macro   0x000215b4      0x286 ./Core/Src/syscalls.o
 .debug_macro   0x0002183a       0x5b ./Core/Src/syscalls.o
 .debug_macro   0x00021895       0x94 ./Core/Src/syscalls.o
 .debug_macro   0x00021929       0x57 ./Core/Src/syscalls.o
 .debug_macro   0x00021980       0x10 ./Core/Src/syscalls.o
 .debug_macro   0x00021990       0x10 ./Core/Src/syscalls.o
 .debug_macro   0x000219a0       0x10 ./Core/Src/syscalls.o
 .debug_macro   0x000219b0       0x10 ./Core/Src/syscalls.o
 .debug_macro   0x000219c0       0x1c ./Core/Src/syscalls.o
 .debug_macro   0x000219dc       0x52 ./Core/Src/syscalls.o
 .debug_macro   0x00021a2e       0x22 ./Core/Src/syscalls.o
 .debug_macro   0x00021a50       0x10 ./Core/Src/syscalls.o
 .debug_macro   0x00021a60       0x52 ./Core/Src/syscalls.o
 .debug_macro   0x00021ab2       0xcf ./Core/Src/syscalls.o
 .debug_macro   0x00021b81       0x1c ./Core/Src/syscalls.o
 .debug_macro   0x00021b9d       0x3d ./Core/Src/syscalls.o
 .debug_macro   0x00021bda       0x35 ./Core/Src/syscalls.o
 .debug_macro   0x00021c0f      0x12c ./Core/Src/syscalls.o
 .debug_macro   0x00021d3b       0x16 ./Core/Src/syscalls.o
 .debug_macro   0x00021d51       0x16 ./Core/Src/syscalls.o
 .debug_macro   0x00021d67       0x29 ./Core/Src/syscalls.o
 .debug_macro   0x00021d90       0x10 ./Core/Src/syscalls.o
 .debug_macro   0x00021da0      0x242 ./Core/Src/syscalls.o
 .debug_macro   0x00021fe2       0x1c ./Core/Src/syscalls.o
 .debug_macro   0x00021ffe       0x10 ./Core/Src/syscalls.o
 .debug_macro   0x0002200e      0x18a ./Core/Src/syscalls.o
 .debug_macro   0x00022198       0x16 ./Core/Src/syscalls.o
 .debug_macro   0x000221ae       0xce ./Core/Src/syscalls.o
 .debug_macro   0x0002227c      0x112 ./Core/Src/sysmem.o
 .debug_macro   0x0002238e      0x23c ./Core/Src/sysmem.o
 .debug_macro   0x000225ca      0x1ce ./Core/Src/system_stm32f4xx.o
 .debug_macro   0x00022798      0x22e ./Drivers/STM32F4xx_HAL_Driver/Src/stm32f4xx_hal.o
 .debug_macro   0x000229c6      0x1ce ./Drivers/STM32F4xx_HAL_Driver/Src/stm32f4xx_hal_cortex.o
 .debug_macro   0x00022b94      0x1d4 ./Drivers/STM32F4xx_HAL_Driver/Src/stm32f4xx_hal_gpio.o
 .debug_macro   0x00022d68      0x1f2 ./Drivers/STM32F4xx_HAL_Driver/Src/stm32f4xx_hal_rcc.o
 .debug_macro   0x00022f5a      0x1ce ./Drivers/STM32F4xx_HAL_Driver/Src/stm32f4xx_hal_rcc_ex.o
 .debug_macro   0x00023128      0x1cf ./Drivers/STM32F4xx_HAL_Driver/Src/stm32f4xx_hal_tim.o
 .debug_macro   0x000232f7      0x1ce ./Drivers/STM32F4xx_HAL_Driver/Src/stm32f4xx_hal_tim_ex.o
 .debug_macro   0x000234c5      0x1cf ./Drivers/STM32F4xx_HAL_Driver/Src/stm32f4xx_hal_uart.o
 .debug_macro   0x00023694      0x193 ./ThirdParty/FreeRtos/list.o
 .debug_macro   0x00023827      0x21c ./ThirdParty/FreeRtos/queue.o
 .debug_macro   0x00023a43       0x16 ./ThirdParty/FreeRtos/queue.o
 .debug_macro   0x00023a59       0x20 ./ThirdParty/FreeRtos/queue.o
 .debug_macro   0x00023a79       0x80 ./ThirdParty/FreeRtos/queue.o
 .debug_macro   0x00023af9      0x279 ./ThirdParty/FreeRtos/tasks.o
 .debug_macro   0x00023d72       0x10 ./ThirdParty/FreeRtos/tasks.o
 .debug_macro   0x00023d82      0x1dc ./ThirdParty/FreeRtos/timers.o
 .debug_macro   0x00023f5e       0x97 ./ThirdParty/FreeRtos/timers.o
 .debug_macro   0x00023ff5      0x190 ./ThirdParty/FreeRtos/portable/GCC/ARM_CM4F/port.o
 .debug_macro   0x00024185      0x1ae ./ThirdParty/FreeRtos/portable/MemMang/heap_4.o

.debug_line     0x00000000    0x151fa
 .debug_line    0x00000000      0xbb1 ./Core/Src/main.o
 .debug_line    0x00000bb1      0x797 ./Core/Src/stm32f4xx_hal_msp.o
 .debug_line    0x00001348      0x7c8 ./Core/Src/stm32f4xx_hal_timebase_tim.o
 .debug_line    0x00001b10      0x7d3 ./Core/Src/stm32f4xx_it.o
 .debug_line    0x000022e3      0x8f0 ./Core/Src/syscalls.o
 .debug_line    0x00002bd3      0x58d ./Core/Src/sysmem.o
 .debug_line    0x00003160      0x7c0 ./Core/Src/system_stm32f4xx.o
 .debug_line    0x00003920       0x7a ./Core/Startup/startup_stm32f446retx.o
 .debug_line    0x0000399a      0xa3c ./Drivers/STM32F4xx_HAL_Driver/Src/stm32f4xx_hal.o
 .debug_line    0x000043d6      0xd0c ./Drivers/STM32F4xx_HAL_Driver/Src/stm32f4xx_hal_cortex.o
 .debug_line    0x000050e2      0xb80 ./Drivers/STM32F4xx_HAL_Driver/Src/stm32f4xx_hal_gpio.o
 .debug_line    0x00005c62      0xe57 ./Drivers/STM32F4xx_HAL_Driver/Src/stm32f4xx_hal_rcc.o
 .debug_line    0x00006ab9     0x1508 ./Drivers/STM32F4xx_HAL_Driver/Src/stm32f4xx_hal_rcc_ex.o
 .debug_line    0x00007fc1     0x37b1 ./Drivers/STM32F4xx_HAL_Driver/Src/stm32f4xx_hal_tim.o
 .debug_line    0x0000b772     0x199c ./Drivers/STM32F4xx_HAL_Driver/Src/stm32f4xx_hal_tim_ex.o
 .debug_line    0x0000d10e     0x2584 ./Drivers/STM32F4xx_HAL_Driver/Src/stm32f4xx_hal_uart.o
 .debug_line    0x0000f692      0x81b ./ThirdParty/FreeRtos/list.o
 .debug_line    0x0000fead     0x1676 ./ThirdParty/FreeRtos/queue.o
 .debug_line    0x00011523     0x1c56 ./ThirdParty/FreeRtos/tasks.o
 .debug_line    0x00013179      0xd60 ./ThirdParty/FreeRtos/timers.o
 .debug_line    0x00013ed9      0x8d2 ./ThirdParty/FreeRtos/portable/GCC/ARM_CM4F/port.o
 .debug_line    0x000147ab      0xa4f ./ThirdParty/FreeRtos/portable/MemMang/heap_4.o

.debug_str      0x00000000    0xdb28e
 .debug_str     0x00000000    0xdb28e ./Core/Src/main.o
                              0xd26d6 (size before relaxing)
 .debug_str     0x000db28e        0x0 ./Core/Src/stm32f4xx_hal_msp.o
                              0xc9e3e (size before relaxing)
 .debug_str     0x000db28e        0x0 ./Core/Src/stm32f4xx_hal_timebase_tim.o
                              0xca3e1 (size before relaxing)
 .debug_str     0x000db28e        0x0 ./Core/Src/stm32f4xx_it.o
                              0xc9dab (size before relaxing)
 .debug_str     0x000db28e        0x0 ./Core/Src/syscalls.o
                               0x9a98 (size before relaxing)
 .debug_str     0x000db28e        0x0 ./Core/Src/sysmem.o
                               0x7788 (size before relaxing)
 .debug_str     0x000db28e        0x0 ./Core/Src/system_stm32f4xx.o
                              0xc98a9 (size before relaxing)
 .debug_str     0x000db28e        0x0 ./Core/Startup/startup_stm32f446retx.o
                                 0x8a (size before relaxing)
 .debug_str     0x000db28e        0x0 ./Drivers/STM32F4xx_HAL_Driver/Src/stm32f4xx_hal.o
                              0xca46e (size before relaxing)
 .debug_str     0x000db28e        0x0 ./Drivers/STM32F4xx_HAL_Driver/Src/stm32f4xx_hal_cortex.o
                              0xca1c5 (size before relaxing)
 .debug_str     0x000db28e        0x0 ./Drivers/STM32F4xx_HAL_Driver/Src/stm32f4xx_hal_gpio.o
                              0xc9a24 (size before relaxing)
 .debug_str     0x000db28e        0x0 ./Drivers/STM32F4xx_HAL_Driver/Src/stm32f4xx_hal_rcc.o
                              0xc9ce2 (size before relaxing)
 .debug_str     0x000db28e        0x0 ./Drivers/STM32F4xx_HAL_Driver/Src/stm32f4xx_hal_rcc_ex.o
                              0xc9d15 (size before relaxing)
 .debug_str     0x000db28e        0x0 ./Drivers/STM32F4xx_HAL_Driver/Src/stm32f4xx_hal_tim.o
                              0xcac0e (size before relaxing)
 .debug_str     0x000db28e        0x0 ./Drivers/STM32F4xx_HAL_Driver/Src/stm32f4xx_hal_tim_ex.o
                              0xca41a (size before relaxing)
 .debug_str     0x000db28e        0x0 ./Drivers/STM32F4xx_HAL_Driver/Src/stm32f4xx_hal_uart.o
                              0xca299 (size before relaxing)
 .debug_str     0x000db28e        0x0 ./ThirdParty/FreeRtos/list.o
                               0xae0c (size before relaxing)
 .debug_str     0x000db28e        0x0 ./ThirdParty/FreeRtos/queue.o
                               0xd297 (size before relaxing)
 .debug_str     0x000db28e        0x0 ./ThirdParty/FreeRtos/tasks.o