20:57:58 **** Build of configuration Debug for project STM32_Bare-Metal_Driver_Implementation ****
make -j4 all 
arm-none-eabi-gcc -mcpu=cortex-m4 -g3 -DDEBUG -c -x assembler-with-cpp -MMD -MP -MF"Startup/startup_stm32f446retx.d" -MT"Startup/startup_stm32f446retx.o" --specs=nano.specs -mfloat-abi=soft -mthumb -o "Startup/startup_stm32f446retx.o" "../Startup/startup_stm32f446retx.s"
arm-none-eabi-gcc "../Src/main_i2c.c" -mcpu=cortex-m4 -std=gnu11 -g3 -DDEBUG -DSTM32 -DSTM32F4 -DSTM32F446RETx -DNUCLEO_F446RE -c -I../Inc -I"C:/Users/HP/Documents/C Programming/STM32/STM32 Assignment/STM32_Bare-Metal_Driver_Implementation/Drivers/Inc" -I"C:/Users/HP/Documents/C Programming/STM32/STM32 Assignment/STM32_Bare-Metal_Driver_Implementation/Drivers/Src" -I"C:/Users/HP/Documents/C Programming/STM32/STM32 Assignment/STM32_Bare-Metal_Driver_Implementation/Drivers" -O0 -ffunction-sections -fdata-sections -Wall -fstack-usage -fcyclomatic-complexity -MMD -MP -MF"Src/main_i2c.d" -MT"Src/main_i2c.o" --specs=nano.specs -mfloat-abi=soft -mthumb -o "Src/main_i2c.o"
arm-none-eabi-gcc "../Src/syscalls.c" -mcpu=cortex-m4 -std=gnu11 -g3 -DDEBUG -DSTM32 -DSTM32F4 -DSTM32F446RETx -DNUCLEO_F446RE -c -I../Inc -I"C:/Users/HP/Documents/C Programming/STM32/STM32 Assignment/STM32_Bare-Metal_Driver_Implementation/Drivers/Inc" -I"C:/Users/HP/Documents/C Programming/STM32/STM32 Assignment/STM32_Bare-Metal_Driver_Implementation/Drivers/Src" -I"C:/Users/HP/Documents/C Programming/STM32/STM32 Assignment/STM32_Bare-Metal_Driver_Implementation/Drivers" -O0 -ffunction-sections -fdata-sections -Wall -fstack-usage -fcyclomatic-complexity -MMD -MP -MF"Src/syscalls.d" -MT"Src/syscalls.o" --specs=nano.specs -mfloat-abi=soft -mthumb -o "Src/syscalls.o"
arm-none-eabi-gcc "../Src/sysmem.c" -mcpu=cortex-m4 -std=gnu11 -g3 -DDEBUG -DSTM32 -DSTM32F4 -DSTM32F446RETx -DNUCLEO_F446RE -c -I../Inc -I"C:/Users/HP/Documents/C Programming/STM32/STM32 Assignment/STM32_Bare-Metal_Driver_Implementation/Drivers/Inc" -I"C:/Users/HP/Documents/C Programming/STM32/STM32 Assignment/STM32_Bare-Metal_Driver_Implementation/Drivers/Src" -I"C:/Users/HP/Documents/C Programming/STM32/STM32 Assignment/STM32_Bare-Metal_Driver_Implementation/Drivers" -O0 -ffunction-sections -fdata-sections -Wall -fstack-usage -fcyclomatic-complexity -MMD -MP -MF"Src/sysmem.d" -MT"Src/sysmem.o" --specs=nano.specs -mfloat-abi=soft -mthumb -o "Src/sysmem.o"
arm-none-eabi-gcc "../Drivers/Src/stm32f446xx_gpio_driver.c" -mcpu=cortex-m4 -std=gnu11 -g3 -DDEBUG -DSTM32 -DSTM32F4 -DSTM32F446RETx -DNUCLEO_F446RE -c -I../Inc -I"C:/Users/HP/Documents/C Programming/STM32/STM32 Assignment/STM32_Bare-Metal_Driver_Implementation/Drivers/Inc" -I"C:/Users/HP/Documents/C Programming/STM32/STM32 Assignment/STM32_Bare-Metal_Driver_Implementation/Drivers/Src" -I"C:/Users/HP/Documents/C Programming/STM32/STM32 Assignment/STM32_Bare-Metal_Driver_Implementation/Drivers" -O0 -ffunction-sections -fdata-sections -Wall -fstack-usage -fcyclomatic-complexity -MMD -MP -MF"Drivers/Src/stm32f446xx_gpio_driver.d" -MT"Drivers/Src/stm32f446xx_gpio_driver.o" --specs=nano.specs -mfloat-abi=soft -mthumb -o "Drivers/Src/stm32f446xx_gpio_driver.o"
arm-none-eabi-gcc "../Drivers/Src/stm32f446xx_i2c_driver.c" -mcpu=cortex-m4 -std=gnu11 -g3 -DDEBUG -DSTM32 -DSTM32F4 -DSTM32F446RETx -DNUCLEO_F446RE -c -I../Inc -I"C:/Users/HP/Documents/C Programming/STM32/STM32 Assignment/STM32_Bare-Metal_Driver_Implementation/Drivers/Inc" -I"C:/Users/HP/Documents/C Programming/STM32/STM32 Assignment/STM32_Bare-Metal_Driver_Implementation/Drivers/Src" -I"C:/Users/HP/Documents/C Programming/STM32/STM32 Assignment/STM32_Bare-Metal_Driver_Implementation/Drivers" -O0 -ffunction-sections -fdata-sections -Wall -fstack-usage -fcyclomatic-complexity -MMD -MP -MF"Drivers/Src/stm32f446xx_i2c_driver.d" -MT"Drivers/Src/stm32f446xx_i2c_driver.o" --specs=nano.specs -mfloat-abi=soft -mthumb -o "Drivers/Src/stm32f446xx_i2c_driver.o"
arm-none-eabi-gcc "../Drivers/Src/stm32f446xx_rcc_driver.c" -mcpu=cortex-m4 -std=gnu11 -g3 -DDEBUG -DSTM32 -DSTM32F4 -DSTM32F446RETx -DNUCLEO_F446RE -c -I../Inc -I"C:/Users/HP/Documents/C Programming/STM32/STM32 Assignment/STM32_Bare-Metal_Driver_Implementation/Drivers/Inc" -I"C:/Users/HP/Documents/C Programming/STM32/STM32 Assignment/STM32_Bare-Metal_Driver_Implementation/Drivers/Src" -I"C:/Users/HP/Documents/C Programming/STM32/STM32 Assignment/STM32_Bare-Metal_Driver_Implementation/Drivers" -O0 -ffunction-sections -fdata-sections -Wall -fstack-usage -fcyclomatic-complexity -MMD -MP -MF"Drivers/Src/stm32f446xx_rcc_driver.d" -MT"Drivers/Src/stm32f446xx_rcc_driver.o" --specs=nano.specs -mfloat-abi=soft -mthumb -o "Drivers/Src/stm32f446xx_rcc_driver.o"
arm-none-eabi-gcc "../Drivers/Src/stm32f446xx_spi_driver.c" -mcpu=cortex-m4 -std=gnu11 -g3 -DDEBUG -DSTM32 -DSTM32F4 -DSTM32F446RETx -DNUCLEO_F446RE -c -I../Inc -I"C:/Users/HP/Documents/C Programming/STM32/STM32 Assignment/STM32_Bare-Metal_Driver_Implementation/Drivers/Inc" -I"C:/Users/HP/Documents/C Programming/STM32/STM32 Assignment/STM32_Bare-Metal_Driver_Implementation/Drivers/Src" -I"C:/Users/HP/Documents/C Programming/STM32/STM32 Assignment/STM32_Bare-Metal_Driver_Implementation/Drivers" -O0 -ffunction-sections -fdata-sections -Wall -fstack-usage -fcyclomatic-complexity -MMD -MP -MF"Drivers/Src/stm32f446xx_spi_driver.d" -MT"Drivers/Src/stm32f446xx_spi_driver.o" --specs=nano.specs -mfloat-abi=soft -mthumb -o "Drivers/Src/stm32f446xx_spi_driver.o"
arm-none-eabi-gcc "../Drivers/Src/stm32f446xx_usart_driver.c" -mcpu=cortex-m4 -std=gnu11 -g3 -DDEBUG -DSTM32 -DSTM32F4 -DSTM32F446RETx -DNUCLEO_F446RE -c -I../Inc -I"C:/Users/HP/Documents/C Programming/STM32/STM32 Assignment/STM32_Bare-Metal_Driver_Implementation/Drivers/Inc" -I"C:/Users/HP/Documents/C Programming/STM32/STM32 Assignment/STM32_Bare-Metal_Driver_Implementation/Drivers/Src" -I"C:/Users/HP/Documents/C Programming/STM32/STM32 Assignment/STM32_Bare-Metal_Driver_Implementation/Drivers" -O0 -ffunction-sections -fdata-sections -Wall -fstack-usage -fcyclomatic-complexity -MMD -MP -MF"Drivers/Src/stm32f446xx_usart_driver.d" -MT"Drivers/Src/stm32f446xx_usart_driver.o" --specs=nano.specs -mfloat-abi=soft -mthumb -o "Drivers/Src/stm32f446xx_usart_driver.o"
../Drivers/Src/stm32f446xx_usart_driver.c: In function 'USART_IRQHandling':
../Drivers/Src/stm32f446xx_usart_driver.c:644:33: warning: variable 'temp3' set but not used [-Wunused-but-set-variable]
  644 |         uint32_t temp1 , temp2, temp3;
      |                                 ^~~~~
arm-none-eabi-gcc -o "STM32_Bare-Metal_Driver_Implementation.elf" @"objects.list"   -mcpu=cortex-m4 -T"C:\Users\HP\Documents\C Programming\STM32\STM32 Assignment\STM32_Bare-Metal_Driver_Implementation\STM32F446RETX_FLASH.ld" --specs=nosys.specs -Wl,-Map="STM32_Bare-Metal_Driver_Implementation.map" -Wl,--gc-sections -static --specs=nano.specs -mfloat-abi=soft -mthumb -Wl,--start-group -lc -lm -Wl,--end-group
Finished building target: STM32_Bare-Metal_Driver_Implementation.elf
 
arm-none-eabi-size  STM32_Bare-Metal_Driver_Implementation.elf 
arm-none-eabi-objdump -h -S STM32_Bare-Metal_Driver_Implementation.elf  > "STM32_Bare-Metal_Driver_Implementation.list"
   text	   data	    bss	    dec	    hex	filename
   3564	     20	   1644	   5228	   146c	STM32_Bare-Metal_Driver_Implementation.elf
Finished building: default.size.stdout
 
Finished building: STM32_Bare-Metal_Driver_Implementation.list
 

20:58:03 Build Finished. 0 errors, 1 warnings. (took 4s.663ms)

