../Drivers/Src/stm32f446xx_usart_driver.c:25:6:USART_SetBaudRate	40	static
../Drivers/Src/stm32f446xx_usart_driver.c:102:6:USART_Init	24	static
../Drivers/Src/stm32f446xx_usart_driver.c:213:6:USART_PeripheralControl	16	static
../Drivers/Src/stm32f446xx_usart_driver.c:241:6:USART_PeriClockControl	16	static
../Drivers/Src/stm32f446xx_usart_driver.c:302:9:USART_GetFlagStatus	16	static
../Drivers/Src/stm32f446xx_usart_driver.c:326:6:USART_SendData	32	static
../Drivers/Src/stm32f446xx_usart_driver.c:389:6:USART_ReceiveData	32	static
../Drivers/Src/stm32f446xx_usart_driver.c:464:9:USART_SendDataIT	32	static
../Drivers/Src/stm32f446xx_usart_driver.c:502:9:USART_ReceiveDataIT	32	static
../Drivers/Src/stm32f446xx_usart_driver.c:540:6:USART_ClearFlag	16	static
../Drivers/Src/stm32f446xx_usart_driver.c:560:6:USART_IRQInterruptConfig	16	static
../Drivers/Src/stm32f446xx_usart_driver.c:615:6:USART_IRQPriorityConfig	24	static
../Drivers/Src/stm32f446xx_usart_driver.c:641:6:USART_IRQHandling	32	static
../Drivers/Src/stm32f446xx_usart_driver.c:942:6:USART_ApplicationEventCallback	16	static
