17:02:24 **** Build of configuration Debug for project Reading_Temperature_from_LM35_stm32f446re ****
make -j4 all 
arm-none-eabi-gcc -mcpu=cortex-m4 -g3 -DDEBUG -c -x assembler-with-cpp -MMD -MP -MF"Startup/startup_stm32f446retx.d" -MT"Startup/startup_stm32f446retx.o" --specs=nano.specs -mfloat-abi=soft -mthumb -o "Startup/startup_stm32f446retx.o" "../Startup/startup_stm32f446retx.s"
arm-none-eabi-gcc "../Src/main.c" -mcpu=cortex-m4 -std=gnu11 -g3 -DDEBUG -DSTM32 -DSTM32F4 -DSTM32F446RETx -DNUCLEO_F446RE -c -I../Inc -O0 -ffunction-sections -fdata-sections -Wall -fstack-usage -fcyclomatic-complexity -MMD -MP -MF"Src/main.d" -MT"Src/main.o" --specs=nano.specs -mfloat-abi=soft -mthumb -o "Src/main.o"
arm-none-eabi-gcc "../Src/syscalls.c" -mcpu=cortex-m4 -std=gnu11 -g3 -DDEBUG -DSTM32 -DSTM32F4 -DSTM32F446RETx -DNUCLEO_F446RE -c -I../Inc -O0 -ffunction-sections -fdata-sections -Wall -fstack-usage -fcyclomatic-complexity -MMD -MP -MF"Src/syscalls.d" -MT"Src/syscalls.o" --specs=nano.specs -mfloat-abi=soft -mthumb -o "Src/syscalls.o"
arm-none-eabi-gcc "../Src/sysmem.c" -mcpu=cortex-m4 -std=gnu11 -g3 -DDEBUG -DSTM32 -DSTM32F4 -DSTM32F446RETx -DNUCLEO_F446RE -c -I../Inc -O0 -ffunction-sections -fdata-sections -Wall -fstack-usage -fcyclomatic-complexity -MMD -MP -MF"Src/sysmem.d" -MT"Src/sysmem.o" --specs=nano.specs -mfloat-abi=soft -mthumb -o "Src/sysmem.o"
arm-none-eabi-gcc -o "Reading_Temperature_from_LM35_stm32f446re.elf" @"objects.list"   -mcpu=cortex-m4 -T"C:\Users\HP\Documents\C Programming\STM32\STM32 codes\Reading_Temperature_from_LM35_stm32f446re\STM32F446RETX_FLASH.ld" --specs=nosys.specs -Wl,-Map="Reading_Temperature_from_LM35_stm32f446re.map" -Wl,--gc-sections -static --specs=nano.specs -mfloat-abi=soft -mthumb -u _printf_float -Wl,--start-group -lc -lm -Wl,--end-group
Finished building target: Reading_Temperature_from_LM35_stm32f446re.elf
 
arm-none-eabi-size  Reading_Temperature_from_LM35_stm32f446re.elf 
arm-none-eabi-objdump -h -S Reading_Temperature_from_LM35_stm32f446re.elf  > "Reading_Temperature_from_LM35_stm32f446re.list"
   text	   data	    bss	    dec	    hex	filename
  16604	    456	   1904	  18964	   4a14	Reading_Temperature_from_LM35_stm32f446re.elf
Finished building: default.size.stdout
 
Finished building: Reading_Temperature_from_LM35_stm32f446re.list
 
17:02:46 **** Incremental Build of configuration Debug for project Reading_Temperature_from_LM35_stm32f446re ****
make -j4 all 
arm-none-eabi-size  Reading_Temperature_from_LM35_stm32f446re.elf 
   text	   data	    bss	    dec	    hex	filename
  16604	    456	   1904	  18964	   4a14	Reading_Temperature_from_LM35_stm32f446re.elf
Finished building: default.size.stdout
 
17:06:18 **** Incremental Build of configuration Debug for project Reading_Temperature_from_LM35_stm32f446re ****
make -j4 all 
arm-none-eabi-gcc "../Src/main.c" -mcpu=cortex-m4 -std=gnu11 -g3 -DDEBUG -DSTM32 -DSTM32F4 -DSTM32F446RETx -DNUCLEO_F446RE -c -I../Inc -O0 -ffunction-sections -fdata-sections -Wall -fstack-usage -fcyclomatic-complexity -MMD -MP -MF"Src/main.d" -MT"Src/main.o" --specs=nano.specs -mfloat-abi=soft -mthumb -o "Src/main.o"
arm-none-eabi-gcc -o "Reading_Temperature_from_LM35_stm32f446re.elf" @"objects.list"   -mcpu=cortex-m4 -T"C:\Users\HP\Documents\C Programming\STM32\STM32 codes\Reading_Temperature_from_LM35_stm32f446re\STM32F446RETX_FLASH.ld" --specs=nosys.specs -Wl,-Map="Reading_Temperature_from_LM35_stm32f446re.map" -Wl,--gc-sections -static --specs=nano.specs -mfloat-abi=soft -mthumb -u _printf_float -Wl,--start-group -lc -lm -Wl,--end-group
Finished building target: Reading_Temperature_from_LM35_stm32f446re.elf
 
arm-none-eabi-size  Reading_Temperature_from_LM35_stm32f446re.elf 
arm-none-eabi-objdump -h -S Reading_Temperature_from_LM35_stm32f446re.elf  > "Reading_Temperature_from_LM35_stm32f446re.list"
   text	   data	    bss	    dec	    hex	filename
  16604	    456	   1904	  18964	   4a14	Reading_Temperature_from_LM35_stm32f446re.elf
Finished building: default.size.stdout
 
Finished building: Reading_Temperature_from_LM35_stm32f446re.list
 
17:11:04 **** Incremental Build of configuration Debug for project Reading_Temperature_from_LM35_stm32f446re ****
make -j4 all 
arm-none-eabi-size  Reading_Temperature_from_LM35_stm32f446re.elf 
   text	   data	    bss	    dec	    hex	filename
  16604	    456	   1904	  18964	   4a14	Reading_Temperature_from_LM35_stm32f446re.elf
Finished building: default.size.stdout
 
